Archive member included to satisfy reference by file (symbol)

/usr/lib/gap_riscv_toolchain/bin/../lib/gcc/riscv32-unknown-elf/7.1.1/rv32imcxgap8/ilp32/libgcc.a(_bswapsi2.o)
                              /module/wifi-img-streamer/BUILD/GAP8_V2/GCC_RISCV_FREERTOS//gap_sdk/rtos/pmsis/pmsis_bsp/fs/lfs/lfs.o (__bswapsi2)
/usr/lib/gap_riscv_toolchain/bin/../lib/gcc/riscv32-unknown-elf/7.1.1/rv32imcxgap8/ilp32/libgcc.a(_divdi3.o)
                              /module/wifi-img-streamer/BUILD/GAP8_V2/GCC_RISCV_FREERTOS//gap_sdk/rtos/freeRTOS/vendors/gwt/pmsis/backend/pmsis_backend_native_task_api.o (__divdi3)
/usr/lib/gap_riscv_toolchain/bin/../lib/gcc/riscv32-unknown-elf/7.1.1/rv32imcxgap8/ilp32/libgcc.a(_udivdi3.o)
                              /module/wifi-img-streamer/BUILD/GAP8_V2/GCC_RISCV_FREERTOS//gap_sdk/rtos/freeRTOS/vendors/gwt/pmsis/backend/pmsis_backend_native_task_api.o (__udivdi3)
/usr/lib/gap_riscv_toolchain/bin/../lib/gcc/riscv32-unknown-elf/7.1.1/rv32imcxgap8/ilp32/libgcc.a(adddf3.o)
                              /module/wifi-img-streamer/BUILD/GAP8_V2/GCC_RISCV_FREERTOS//gap_sdk/rtos/freeRTOS/vendors/gwt/libs/printf/printf.o (__adddf3)
/usr/lib/gap_riscv_toolchain/bin/../lib/gcc/riscv32-unknown-elf/7.1.1/rv32imcxgap8/ilp32/libgcc.a(divdf3.o)
                              /module/wifi-img-streamer/BUILD/GAP8_V2/GCC_RISCV_FREERTOS//gap_sdk/rtos/freeRTOS/vendors/gwt/libs/printf/printf.o (__divdf3)
/usr/lib/gap_riscv_toolchain/bin/../lib/gcc/riscv32-unknown-elf/7.1.1/rv32imcxgap8/ilp32/libgcc.a(eqdf2.o)
                              /module/wifi-img-streamer/BUILD/GAP8_V2/GCC_RISCV_FREERTOS//gap_sdk/rtos/freeRTOS/vendors/gwt/libs/printf/printf.o (__nedf2)
/usr/lib/gap_riscv_toolchain/bin/../lib/gcc/riscv32-unknown-elf/7.1.1/rv32imcxgap8/ilp32/libgcc.a(gedf2.o)
                              /module/wifi-img-streamer/BUILD/GAP8_V2/GCC_RISCV_FREERTOS//gap_sdk/rtos/freeRTOS/vendors/gwt/libs/printf/printf.o (__gedf2)
/usr/lib/gap_riscv_toolchain/bin/../lib/gcc/riscv32-unknown-elf/7.1.1/rv32imcxgap8/ilp32/libgcc.a(ledf2.o)
                              /module/wifi-img-streamer/BUILD/GAP8_V2/GCC_RISCV_FREERTOS//gap_sdk/rtos/freeRTOS/vendors/gwt/libs/printf/printf.o (__ltdf2)
/usr/lib/gap_riscv_toolchain/bin/../lib/gcc/riscv32-unknown-elf/7.1.1/rv32imcxgap8/ilp32/libgcc.a(muldf3.o)
                              /module/wifi-img-streamer/BUILD/GAP8_V2/GCC_RISCV_FREERTOS//gap_sdk/rtos/freeRTOS/vendors/gwt/libs/printf/printf.o (__muldf3)
/usr/lib/gap_riscv_toolchain/bin/../lib/gcc/riscv32-unknown-elf/7.1.1/rv32imcxgap8/ilp32/libgcc.a(subdf3.o)
                              /module/wifi-img-streamer/BUILD/GAP8_V2/GCC_RISCV_FREERTOS//gap_sdk/rtos/freeRTOS/vendors/gwt/libs/printf/printf.o (__subdf3)
/usr/lib/gap_riscv_toolchain/bin/../lib/gcc/riscv32-unknown-elf/7.1.1/rv32imcxgap8/ilp32/libgcc.a(fixdfsi.o)
                              /module/wifi-img-streamer/BUILD/GAP8_V2/GCC_RISCV_FREERTOS//gap_sdk/rtos/freeRTOS/vendors/gwt/libs/printf/printf.o (__fixdfsi)
/usr/lib/gap_riscv_toolchain/bin/../lib/gcc/riscv32-unknown-elf/7.1.1/rv32imcxgap8/ilp32/libgcc.a(fixunsdfsi.o)
                              /module/wifi-img-streamer/BUILD/GAP8_V2/GCC_RISCV_FREERTOS//gap_sdk/rtos/freeRTOS/vendors/gwt/libs/printf/printf.o (__fixunsdfsi)
/usr/lib/gap_riscv_toolchain/bin/../lib/gcc/riscv32-unknown-elf/7.1.1/rv32imcxgap8/ilp32/libgcc.a(floatsidf.o)
                              /module/wifi-img-streamer/BUILD/GAP8_V2/GCC_RISCV_FREERTOS//gap_sdk/rtos/freeRTOS/vendors/gwt/libs/printf/printf.o (__floatsidf)
/usr/lib/gap_riscv_toolchain/bin/../lib/gcc/riscv32-unknown-elf/7.1.1/rv32imcxgap8/ilp32/libgcc.a(floatunsidf.o)
                              /module/wifi-img-streamer/BUILD/GAP8_V2/GCC_RISCV_FREERTOS//gap_sdk/rtos/freeRTOS/vendors/gwt/libs/printf/printf.o (__floatunsidf)
/usr/lib/gap_riscv_toolchain/bin/../lib/gcc/riscv32-unknown-elf/7.1.1/rv32imcxgap8/ilp32/libgcc.a(divsf3.o)
                              /module/wifi-img-streamer/BUILD/GAP8_V2/GCC_RISCV_FREERTOS//gap_sdk/rtos/freeRTOS/vendors/gwt/gap8/pmsis/drivers/timer/timer.o (__divsf3)
/usr/lib/gap_riscv_toolchain/bin/../lib/gcc/riscv32-unknown-elf/7.1.1/rv32imcxgap8/ilp32/libgcc.a(mulsf3.o)
                              /module/wifi-img-streamer/BUILD/GAP8_V2/GCC_RISCV_FREERTOS//gap_sdk/rtos/freeRTOS/vendors/gwt/gap8/pmsis/drivers/timer/timer.o (__mulsf3)
/usr/lib/gap_riscv_toolchain/bin/../lib/gcc/riscv32-unknown-elf/7.1.1/rv32imcxgap8/ilp32/libgcc.a(fixunssfsi.o)
                              /module/wifi-img-streamer/BUILD/GAP8_V2/GCC_RISCV_FREERTOS//gap_sdk/rtos/freeRTOS/vendors/gwt/gap8/pmsis/drivers/timer/timer.o (__fixunssfsi)
/usr/lib/gap_riscv_toolchain/bin/../lib/gcc/riscv32-unknown-elf/7.1.1/rv32imcxgap8/ilp32/libgcc.a(floatunsisf.o)
                              /module/wifi-img-streamer/BUILD/GAP8_V2/GCC_RISCV_FREERTOS//gap_sdk/rtos/freeRTOS/vendors/gwt/gap8/pmsis/drivers/timer/timer.o (__floatunsisf)
[...]
Memory Configuration

Name             Origin             Length             Attributes
FC_tcdm          0x000000001b000000 0x0000000000004000
fc_tcdm_aliased  0x0000000000000004 0x0000000000003ffc
L2               0x000000001c000000 0x0000000000080000
L1_sram          0x0000000010000000 0x0000000000010000
*default*        0x0000000000000000 0xffffffffffffffff

Linker script and memory map

LOAD /module/wifi-img-streamer/BUILD/GAP8_V2/GCC_RISCV_FREERTOS/wifi-img-streamer.o
LOAD /module/wifi-img-streamer/BUILD/GAP8_V2/GCC_RISCV_FREERTOS/../lib/cpx/src/com.o
LOAD /module/wifi-img-streamer/BUILD/GAP8_V2/GCC_RISCV_FREERTOS/../lib/cpx/src/cpx.o
LOAD /module/wifi-img-streamer/BUILD/GAP8_V2/GCC_RISCV_FREERTOS//gap_sdk/libs/gap_lib/jpeg/dct.o
LOAD /module/wifi-img-streamer/BUILD/GAP8_V2/GCC_RISCV_FREERTOS//gap_sdk/libs/gap_lib/jpeg/jpeg_constants.o
LOAD /module/wifi-img-streamer/BUILD/GAP8_V2/GCC_RISCV_FREERTOS//gap_sdk/libs/gap_lib/jpeg/jpeg_encoder.o
LOAD /module/wifi-img-streamer/BUILD/GAP8_V2/GCC_RISCV_FREERTOS//gap_sdk/libs/gap_lib/jpeg/cluster.o
LOAD /module/wifi-img-streamer/BUILD/GAP8_V2/GCC_RISCV_FREERTOS//gap_sdk/rtos/freeRTOS/vendors/gwt/gap8/src/device/gap8_iet.o
LOAD /module/wifi-img-streamer/BUILD/GAP8_V2/GCC_RISCV_FREERTOS//gap_sdk/rtos/freeRTOS/vendors/gwt/gap8/src/device/startup_gap8.o
LOAD /module/wifi-img-streamer/BUILD/GAP8_V2/GCC_RISCV_FREERTOS//gap_sdk/rtos/freeRTOS/vendors/gwt/gap8/pmsis/cluster/drivers/cluster_synchronisation/cluster_core.o
LOAD /module/wifi-img-streamer/BUILD/GAP8_V2/GCC_RISCV_FREERTOS//gap_sdk/rtos/freeRTOS/vendors/gwt/gap8/pmsis/util/asm_util.o
LOAD /module/wifi-img-streamer/BUILD/GAP8_V2/GCC_RISCV_FREERTOS//gap_sdk/rtos/freeRTOS/freertos_kernel/portable/GCC/RI5CY-GAP8/port_asm.o
LOAD /module/wifi-img-streamer/BUILD/GAP8_V2/GCC_RISCV_FREERTOS//gap_sdk/rtos/freeRTOS/vendors/gwt/gap8/src/device/system_gap8.o
LOAD /module/wifi-img-streamer/BUILD/GAP8_V2/GCC_RISCV_FREERTOS//gap_sdk/rtos/freeRTOS/vendors/gwt/gap8/src/device/gap8_it.o
LOAD /module/wifi-img-streamer/BUILD/GAP8_V2/GCC_RISCV_FREERTOS//gap_sdk/rtos/freeRTOS/vendors/gwt/gap8/src/driver/gap_io.o
LOAD /module/wifi-img-streamer/BUILD/GAP8_V2/GCC_RISCV_FREERTOS//gap_sdk/rtos/freeRTOS/vendors/gwt/libs/src/stdlib.o
LOAD /module/wifi-img-streamer/BUILD/GAP8_V2/GCC_RISCV_FREERTOS//gap_sdk/rtos/freeRTOS/vendors/gwt/libs/src/errno.o
LOAD /module/wifi-img-streamer/BUILD/GAP8_V2/GCC_RISCV_FREERTOS//gap_sdk/rtos/freeRTOS/vendors/gwt/libs/src/string.o
LOAD /module/wifi-img-streamer/BUILD/GAP8_V2/GCC_RISCV_FREERTOS//gap_sdk/rtos/freeRTOS/vendors/gwt/gap8/pmsis/cluster/malloc/cl_malloc.o
LOAD /module/wifi-img-streamer/BUILD/GAP8_V2/GCC_RISCV_FREERTOS//gap_sdk/rtos/freeRTOS/vendors/gwt/gap8/pmsis/cluster/drivers/cluster_synchronisation/cl_to_fc_delegate.o
LOAD /module/wifi-img-streamer/BUILD/GAP8_V2/GCC_RISCV_FREERTOS//gap_sdk/rtos/freeRTOS/vendors/gwt/gap8/pmsis/cluster/drivers/cluster_synchronisation/fc_to_cl_delegate.o
LOAD /module/wifi-img-streamer/BUILD/GAP8_V2/GCC_RISCV_FREERTOS//gap_sdk/rtos/freeRTOS/vendors/gwt/gap8/pmsis/cluster/drivers/cluster_team/cl_team.o
LOAD /module/wifi-img-streamer/BUILD/GAP8_V2/GCC_RISCV_FREERTOS//gap_sdk/rtos/freeRTOS/vendors/gwt/gap8/pmsis/cluster/drivers/delegate/hyperbus/hyperbus_cl_internal.o
LOAD /module/wifi-img-streamer/BUILD/GAP8_V2/GCC_RISCV_FREERTOS//gap_sdk/rtos/freeRTOS/vendors/gwt/gap8/pmsis/cluster/drivers/delegate/uart/uart_cl_internal.o
LOAD /module/wifi-img-streamer/BUILD/GAP8_V2/GCC_RISCV_FREERTOS//gap_sdk/rtos/freeRTOS/vendors/gwt/gap8/pmsis/cluster/drivers/dma/cl_dma_irq.o
LOAD /module/wifi-img-streamer/BUILD/GAP8_V2/GCC_RISCV_FREERTOS//gap_sdk/rtos/freeRTOS/vendors/gwt/gap8/pmsis/drivers/fc_event/fc_event.o
LOAD /module/wifi-img-streamer/BUILD/GAP8_V2/GCC_RISCV_FREERTOS//gap_sdk/rtos/freeRTOS/vendors/gwt/gap8/pmsis/drivers/fll/fll.o
LOAD /module/wifi-img-streamer/BUILD/GAP8_V2/GCC_RISCV_FREERTOS//gap_sdk/rtos/freeRTOS/vendors/gwt/gap8/pmsis/drivers/gpio/gpio.o
LOAD /module/wifi-img-streamer/BUILD/GAP8_V2/GCC_RISCV_FREERTOS//gap_sdk/rtos/freeRTOS/vendors/gwt/gap8/pmsis/drivers/pad/pad.o
LOAD /module/wifi-img-streamer/BUILD/GAP8_V2/GCC_RISCV_FREERTOS//gap_sdk/rtos/freeRTOS/vendors/gwt/gap8/pmsis/drivers/pmu/pmu.o
LOAD /module/wifi-img-streamer/BUILD/GAP8_V2/GCC_RISCV_FREERTOS//gap_sdk/rtos/freeRTOS/vendors/gwt/gap8/pmsis/drivers/pmu/pmu_internal.o
LOAD /module/wifi-img-streamer/BUILD/GAP8_V2/GCC_RISCV_FREERTOS//gap_sdk/rtos/freeRTOS/vendors/gwt/gap8/pmsis/drivers/pwm/pwm.o
LOAD /module/wifi-img-streamer/BUILD/GAP8_V2/GCC_RISCV_FREERTOS//gap_sdk/rtos/freeRTOS/vendors/gwt/gap8/pmsis/drivers/pwm/pwm_internal.o
LOAD /module/wifi-img-streamer/BUILD/GAP8_V2/GCC_RISCV_FREERTOS//gap_sdk/rtos/freeRTOS/vendors/gwt/gap8/pmsis/drivers/rtc/rtc.o
LOAD /module/wifi-img-streamer/BUILD/GAP8_V2/GCC_RISCV_FREERTOS//gap_sdk/rtos/freeRTOS/vendors/gwt/gap8/pmsis/drivers/rtc/rtc_internal.o
LOAD /module/wifi-img-streamer/BUILD/GAP8_V2/GCC_RISCV_FREERTOS//gap_sdk/rtos/freeRTOS/vendors/gwt/gap8/pmsis/drivers/timer/timer.o
LOAD /module/wifi-img-streamer/BUILD/GAP8_V2/GCC_RISCV_FREERTOS//gap_sdk/rtos/freeRTOS/vendors/gwt/gap8/pmsis/drivers/udma/hyperbus/hyperbus.o
LOAD /module/wifi-img-streamer/BUILD/GAP8_V2/GCC_RISCV_FREERTOS//gap_sdk/rtos/freeRTOS/vendors/gwt/gap8/pmsis/drivers/udma/hyperbus/hyperbus_internal.o
LOAD /module/wifi-img-streamer/BUILD/GAP8_V2/GCC_RISCV_FREERTOS//gap_sdk/rtos/freeRTOS/vendors/gwt/gap8/pmsis/drivers/udma/cpi/cpi.o
LOAD /module/wifi-img-streamer/BUILD/GAP8_V2/GCC_RISCV_FREERTOS//gap_sdk/rtos/freeRTOS/vendors/gwt/gap8/pmsis/drivers/udma/cpi/cpi_internal.o
LOAD /module/wifi-img-streamer/BUILD/GAP8_V2/GCC_RISCV_FREERTOS//gap_sdk/rtos/freeRTOS/vendors/gwt/gap8/pmsis/drivers/udma/dmacpy/dmacpy.o
LOAD /module/wifi-img-streamer/BUILD/GAP8_V2/GCC_RISCV_FREERTOS//gap_sdk/rtos/freeRTOS/vendors/gwt/gap8/pmsis/drivers/udma/dmacpy/dmacpy_internal.o
LOAD /module/wifi-img-streamer/BUILD/GAP8_V2/GCC_RISCV_FREERTOS//gap_sdk/rtos/freeRTOS/vendors/gwt/gap8/pmsis/drivers/udma/i2c/i2c.o
LOAD /module/wifi-img-streamer/BUILD/GAP8_V2/GCC_RISCV_FREERTOS//gap_sdk/rtos/freeRTOS/vendors/gwt/gap8/pmsis/drivers/udma/i2c/i2c_internal.o
LOAD /module/wifi-img-streamer/BUILD/GAP8_V2/GCC_RISCV_FREERTOS//gap_sdk/rtos/freeRTOS/vendors/gwt/gap8/pmsis/drivers/udma/i2s/i2s.o
LOAD /module/wifi-img-streamer/BUILD/GAP8_V2/GCC_RISCV_FREERTOS//gap_sdk/rtos/freeRTOS/vendors/gwt/gap8/pmsis/drivers/udma/i2s/i2s_internal.o
LOAD /module/wifi-img-streamer/BUILD/GAP8_V2/GCC_RISCV_FREERTOS//gap_sdk/rtos/freeRTOS/vendors/gwt/gap8/pmsis/drivers/udma/spi/spi.o
LOAD /module/wifi-img-streamer/BUILD/GAP8_V2/GCC_RISCV_FREERTOS//gap_sdk/rtos/freeRTOS/vendors/gwt/gap8/pmsis/drivers/udma/spi/spi_internal.o
LOAD /module/wifi-img-streamer/BUILD/GAP8_V2/GCC_RISCV_FREERTOS//gap_sdk/rtos/freeRTOS/vendors/gwt/gap8/pmsis/drivers/udma/uart/uart.o
LOAD /module/wifi-img-streamer/BUILD/GAP8_V2/GCC_RISCV_FREERTOS//gap_sdk/rtos/freeRTOS/vendors/gwt/gap8/pmsis/drivers/udma/uart/uart_internal.o
LOAD /module/wifi-img-streamer/BUILD/GAP8_V2/GCC_RISCV_FREERTOS//gap_sdk/rtos/pmsis/pmsis_bsp/flash/flash.o
LOAD /module/wifi-img-streamer/BUILD/GAP8_V2/GCC_RISCV_FREERTOS//gap_sdk/rtos/pmsis/pmsis_bsp/partition/partition.o
LOAD /module/wifi-img-streamer/BUILD/GAP8_V2/GCC_RISCV_FREERTOS//gap_sdk/rtos/pmsis/pmsis_bsp/partition/flash_partition.o
LOAD /module/wifi-img-streamer/BUILD/GAP8_V2/GCC_RISCV_FREERTOS//gap_sdk/rtos/pmsis/pmsis_bsp/crc/md5.o
LOAD /module/wifi-img-streamer/BUILD/GAP8_V2/GCC_RISCV_FREERTOS//gap_sdk/rtos/pmsis/pmsis_bsp/fs/fs.o
LOAD /module/wifi-img-streamer/BUILD/GAP8_V2/GCC_RISCV_FREERTOS//gap_sdk/rtos/pmsis/pmsis_bsp/fs/lfs/lfs.o
LOAD /module/wifi-img-streamer/BUILD/GAP8_V2/GCC_RISCV_FREERTOS//gap_sdk/rtos/pmsis/pmsis_bsp/fs/lfs/lfs_util.o
LOAD /module/wifi-img-streamer/BUILD/GAP8_V2/GCC_RISCV_FREERTOS//gap_sdk/rtos/pmsis/pmsis_bsp/fs/lfs/pi_lfs.o
LOAD /module/wifi-img-streamer/BUILD/GAP8_V2/GCC_RISCV_FREERTOS//gap_sdk/rtos/pmsis/pmsis_bsp/fs/read_fs/read_fs.o
LOAD /module/wifi-img-streamer/BUILD/GAP8_V2/GCC_RISCV_FREERTOS//gap_sdk/rtos/pmsis/pmsis_bsp/fs/host_fs/semihost.o
LOAD /module/wifi-img-streamer/BUILD/GAP8_V2/GCC_RISCV_FREERTOS//gap_sdk/rtos/pmsis/pmsis_bsp/fs/host_fs/host_fs.o
LOAD /module/wifi-img-streamer/BUILD/GAP8_V2/GCC_RISCV_FREERTOS//gap_sdk/rtos/pmsis/pmsis_bsp/ota/ota.o
LOAD /module/wifi-img-streamer/BUILD/GAP8_V2/GCC_RISCV_FREERTOS//gap_sdk/rtos/pmsis/pmsis_bsp/ota/ota_utility.o
LOAD /module/wifi-img-streamer/BUILD/GAP8_V2/GCC_RISCV_FREERTOS//gap_sdk/rtos/pmsis/pmsis_bsp/ota/updater.o
LOAD /module/wifi-img-streamer/BUILD/GAP8_V2/GCC_RISCV_FREERTOS//gap_sdk/rtos/pmsis/pmsis_bsp/bootloader/bootloader_utility.o
LOAD /module/wifi-img-streamer/BUILD/GAP8_V2/GCC_RISCV_FREERTOS//gap_sdk/rtos/pmsis/pmsis_bsp/bsp/ai_deck.o
LOAD /module/wifi-img-streamer/BUILD/GAP8_V2/GCC_RISCV_FREERTOS//gap_sdk/rtos/pmsis/pmsis_bsp/camera/camera.o
LOAD /module/wifi-img-streamer/BUILD/GAP8_V2/GCC_RISCV_FREERTOS//gap_sdk/rtos/pmsis/pmsis_bsp/camera/himax/himax.o
LOAD /module/wifi-img-streamer/BUILD/GAP8_V2/GCC_RISCV_FREERTOS//gap_sdk/rtos/pmsis/pmsis_bsp/flash/hyperflash/hyperflash.o
LOAD /module/wifi-img-streamer/BUILD/GAP8_V2/GCC_RISCV_FREERTOS//gap_sdk/rtos/pmsis/pmsis_bsp/ram/hyperram/hyperram.o
LOAD /module/wifi-img-streamer/BUILD/GAP8_V2/GCC_RISCV_FREERTOS//gap_sdk/rtos/pmsis/pmsis_bsp/ram/spiram/spiram.o
LOAD /module/wifi-img-streamer/BUILD/GAP8_V2/GCC_RISCV_FREERTOS//gap_sdk/rtos/pmsis/pmsis_bsp/flash/spiflash/spiflash.o
LOAD /module/wifi-img-streamer/BUILD/GAP8_V2/GCC_RISCV_FREERTOS//gap_sdk/rtos/pmsis/pmsis_bsp/ram/ram.o
LOAD /module/wifi-img-streamer/BUILD/GAP8_V2/GCC_RISCV_FREERTOS//gap_sdk/rtos/pmsis/pmsis_bsp/ram/alloc_extern.o
LOAD /module/wifi-img-streamer/BUILD/GAP8_V2/GCC_RISCV_FREERTOS//gap_sdk/rtos/freeRTOS/vendors/gwt/pmsis/rtos/pi_log.o
LOAD /module/wifi-img-streamer/BUILD/GAP8_V2/GCC_RISCV_FREERTOS//gap_sdk/rtos/freeRTOS/vendors/gwt/pmsis/rtos/event_kernel/event_kernel.o
LOAD /module/wifi-img-streamer/BUILD/GAP8_V2/GCC_RISCV_FREERTOS//gap_sdk/rtos/freeRTOS/vendors/gwt/pmsis/rtos/malloc/cl_l1_malloc.o
LOAD /module/wifi-img-streamer/BUILD/GAP8_V2/GCC_RISCV_FREERTOS//gap_sdk/rtos/freeRTOS/vendors/gwt/pmsis/rtos/malloc/fc_l1_malloc.o
LOAD /module/wifi-img-streamer/BUILD/GAP8_V2/GCC_RISCV_FREERTOS//gap_sdk/rtos/freeRTOS/vendors/gwt/pmsis/rtos/malloc/l2_malloc.o
LOAD /module/wifi-img-streamer/BUILD/GAP8_V2/GCC_RISCV_FREERTOS//gap_sdk/rtos/freeRTOS/vendors/gwt/pmsis/rtos/malloc/malloc_external.o
LOAD /module/wifi-img-streamer/BUILD/GAP8_V2/GCC_RISCV_FREERTOS//gap_sdk/rtos/freeRTOS/vendors/gwt/pmsis/rtos/malloc/malloc_internal.o
LOAD /module/wifi-img-streamer/BUILD/GAP8_V2/GCC_RISCV_FREERTOS//gap_sdk/rtos/freeRTOS/vendors/gwt/pmsis/rtos/malloc/pi_malloc.o
LOAD /module/wifi-img-streamer/BUILD/GAP8_V2/GCC_RISCV_FREERTOS//gap_sdk/rtos/freeRTOS/vendors/gwt/pmsis/rtos/mem_slab/mem_slab.o
LOAD /module/wifi-img-streamer/BUILD/GAP8_V2/GCC_RISCV_FREERTOS//gap_sdk/rtos/freeRTOS/vendors/gwt/pmsis/rtos/os/device.o
LOAD /module/wifi-img-streamer/BUILD/GAP8_V2/GCC_RISCV_FREERTOS//gap_sdk/rtos/freeRTOS/vendors/gwt/pmsis/rtos/os/pmsis_task.o
LOAD /module/wifi-img-streamer/BUILD/GAP8_V2/GCC_RISCV_FREERTOS//gap_sdk/rtos/freeRTOS/vendors/gwt/pmsis/backend/pmsis_backend_native_task_api.o
LOAD /module/wifi-img-streamer/BUILD/GAP8_V2/GCC_RISCV_FREERTOS//gap_sdk/rtos/freeRTOS/freertos_kernel/portable/GCC/RI5CY-GAP8/port.o
LOAD /module/wifi-img-streamer/BUILD/GAP8_V2/GCC_RISCV_FREERTOS//gap_sdk/rtos/freeRTOS/vendors/gwt/libs/printf/printf.o
LOAD /module/wifi-img-streamer/BUILD/GAP8_V2/GCC_RISCV_FREERTOS//gap_sdk/rtos/freeRTOS/freertos_kernel/list.o
LOAD /module/wifi-img-streamer/BUILD/GAP8_V2/GCC_RISCV_FREERTOS//gap_sdk/rtos/freeRTOS/freertos_kernel/queue.o
LOAD /module/wifi-img-streamer/BUILD/GAP8_V2/GCC_RISCV_FREERTOS//gap_sdk/rtos/freeRTOS/freertos_kernel/tasks.o
LOAD /module/wifi-img-streamer/BUILD/GAP8_V2/GCC_RISCV_FREERTOS//gap_sdk/rtos/freeRTOS/freertos_kernel/timers.o
LOAD /module/wifi-img-streamer/BUILD/GAP8_V2/GCC_RISCV_FREERTOS//gap_sdk/rtos/freeRTOS/freertos_kernel/event_groups.o
LOAD /module/wifi-img-streamer/BUILD/GAP8_V2/GCC_RISCV_FREERTOS//gap_sdk/rtos/freeRTOS/freertos_kernel/stream_buffer.o
LOAD /module/wifi-img-streamer/BUILD/GAP8_V2/GCC_RISCV_FREERTOS//gap_sdk/rtos/freeRTOS/demos/gwt/config/gap8/FreeRTOS_util.o
LOAD /usr/lib/gap_riscv_toolchain/bin/../lib/gcc/riscv32-unknown-elf/7.1.1/rv32imcxgap8/ilp32/libgcc.a
                0x0000000000000000                __DYNAMIC = 0x0
                0x0000000000001000                __STACK_FC_SIZE = 0x1000
                0x0000000000000400                __STACK_IRQ_SIZE = 0x400

.l1FcTiny       0x000000001b000000        0x0
                0x000000001b000000                . = ALIGN (0x4)
                0x000000001b000000                __l1FcShared_start = .
 *(.l1FcTiny)
 *(.l1FcTiny.*)
                0x000000001b000000                . = ALIGN (0x4)
                0x000000001b000000                __l1FcShared_end = .
                0x0000000000000000                __l1FcShared_size = (__l1FcShared_end - __l1FcShared_start)

.fcTcdmTiny     0x0000000000000004        0xc load address 0x000000001b000000
 *(.fcTcdmTiny)
 .fcTcdmTiny    0x0000000000000004        0xc /module/wifi-img-streamer/BUILD/GAP8_V2/GCC_RISCV_FREERTOS//gap_sdk/rtos/freeRTOS/vendors/gwt/gap8/pmsis/drivers/udma/hyperbus/hyperbus_internal.o
                0x0000000000000004                __global_hyper_fifo_head
                0x0000000000000008                __global_hyper_driver_fifo
                0x000000000000000c                __global_hyper_fifo_tail
 *(.fcTcdmTiny.*)

.fcTcdm
 *(.fcTcdm)
 *(.fcTcdm.*)

.fcTcdm_g       0x000000001b00000c      0x58c
                0x000000001b000010                . = ALIGN (0x8)
 *fill*         0x000000001b00000c        0x4 
                0x000000001b000010                __fc_tcdm_g_start = .
 *(.fcTcdm_g)
 .fcTcdm_g      0x000000001b000010      0x244 /module/wifi-img-streamer/BUILD/GAP8_V2/GCC_RISCV_FREERTOS//gap_sdk/rtos/freeRTOS/vendors/gwt/gap8/pmsis/cluster/drivers/cluster_synchronisation/cl_to_fc_delegate.o
                0x000000001b000010                delegate_task_mask
                0x000000001b000014                delegate_task
 .fcTcdm_g      0x000000001b000254       0xe4 /module/wifi-img-streamer/BUILD/GAP8_V2/GCC_RISCV_FREERTOS//gap_sdk/rtos/freeRTOS/vendors/gwt/gap8/pmsis/drivers/fc_event/fc_event.o
 .fcTcdm_g      0x000000001b000338        0x4 /module/wifi-img-streamer/BUILD/GAP8_V2/GCC_RISCV_FREERTOS//gap_sdk/rtos/freeRTOS/vendors/gwt/pmsis/rtos/event_kernel/event_kernel.o
                0x000000001b000338                default_sched
 .fcTcdm_g      0x000000001b00033c        0x8 /module/wifi-img-streamer/BUILD/GAP8_V2/GCC_RISCV_FREERTOS//gap_sdk/rtos/freeRTOS/vendors/gwt/pmsis/backend/pmsis_backend_native_task_api.o
                0x000000001b00033c                delayed_task
 .fcTcdm_g      0x000000001b000344      0x254 /module/wifi-img-streamer/BUILD/GAP8_V2/GCC_RISCV_FREERTOS//gap_sdk/rtos/freeRTOS/demos/gwt/config/gap8/FreeRTOS_util.o
 *(.fcTcdm_g.*)
                0x000000001b000598                . = ALIGN (0x8)
                0x000000001b000598                __fc_tcdm_g_end = .

.stack_irq      0x000000001b000598      0x400
                0x000000001b000598                . = ALIGN (0x4)
                0x000000001b000598                __stack_irq_end__ = .
                0x000000001b000998                . = (. + __STACK_IRQ_SIZE)
 *fill*         0x000000001b000598      0x400 
                0x000000001b000998                __stack_irq_start__ = .

.heapfcram      0x000000001b000998     0x1000
                0x000000001b000998                . = ALIGN (0x8)
 *(.heapfcram)
 *(.heapfcram.*)
                0x000000001b000998                . = ALIGN (0x8)
                0x000000001b000998                __heapfcram_start = .
                0x000000001b000998                __stack_fc_end__ = .
                0x000000001b001998                . = (. + __STACK_FC_SIZE)
 *fill*         0x000000001b000998     0x1000 
                0x000000001b001998                __stack_fc_start__ = .
                0x0000000000003668                __heapfcram_size = ((ORIGIN (FC_tcdm) + LENGTH (FC_tcdm)) - __heapfcram_start)

.vectors_irq    0x000000001c000000       0x94
                0x000000001c000000                . = ALIGN (0x100)
                0x000000001c000000                __irq_vector_base_m__ = .
 *(.vectors_irq)
 .vectors_irq   0x000000001c000000       0x94 /module/wifi-img-streamer/BUILD/GAP8_V2/GCC_RISCV_FREERTOS//gap_sdk/rtos/freeRTOS/vendors/gwt/gap8/src/device/startup_gap8.o
                0x000000001c000090                __rt_debug_struct_ptr

.text           0x000000001c000094     0xb7c0
                0x000000001c000094                . = ALIGN (0x4)
                0x000000001c000094                _stext = .
 *(.text.reset)
 .text.reset    0x000000001c000094       0x7e /module/wifi-img-streamer/BUILD/GAP8_V2/GCC_RISCV_FREERTOS//gap_sdk/rtos/freeRTOS/vendors/gwt/gap8/src/device/startup_gap8.o
                0x000000001c000094                reset_handler
 *(.text)
 .text          0x000000001c000112      0x290 /module/wifi-img-streamer/BUILD/GAP8_V2/GCC_RISCV_FREERTOS//gap_sdk/rtos/freeRTOS/vendors/gwt/gap8/src/device/gap8_iet.o
                0x000000001c000112                default_handler
                0x000000001c000116                cluster_notify_fc_handler
                0x000000001c00014e                pendSV_handler
                0x000000001c0001be                systick_handler
                0x000000001c00023a                fc_event_handler
                0x000000001c000272                fc_hyper_handler
                0x000000001c000320                dma_irq_handler
                0x000000001c000348                ecall_handler
                0x000000001c00039a                ill_ins_handler
 .text          0x000000001c0003a2      0x126 /module/wifi-img-streamer/BUILD/GAP8_V2/GCC_RISCV_FREERTOS//gap_sdk/rtos/freeRTOS/vendors/gwt/gap8/pmsis/cluster/drivers/cluster_synchronisation/cluster_core.o
                0x000000001c0003a2                cluster_exec_loop
                0x000000001c0004ba                cl_slave_stack_setup
 .text          0x000000001c0004c8       0xd8 /module/wifi-img-streamer/BUILD/GAP8_V2/GCC_RISCV_FREERTOS//gap_sdk/rtos/freeRTOS/vendors/gwt/gap8/pmsis/util/asm_util.o
                0x000000001c0004c8                ASM_FUNC_SAVE_MINIMAL_CONTEXT
                0x000000001c00050c                ASM_FUNC_RESTORE_MINIMAL_CONTEXT
                0x000000001c000550                ASM_FUNC_SAVE_SAVE_CONTEXT
                0x000000001c00056a                ASM_FUNC_RESTORE_SAVE_CONTEXT
                0x000000001c000584                ASM_FUNC_SAVE_CSR_CONTEXT
                0x000000001c000592                ASM_FUNC_RESTORE_CSR_CONTEXT
 .text          0x000000001c0005a0       0x8e /module/wifi-img-streamer/BUILD/GAP8_V2/GCC_RISCV_FREERTOS//gap_sdk/rtos/freeRTOS/freertos_kernel/portable/GCC/RI5CY-GAP8/port_asm.o
                0x000000001c0005a0                xPortStartScheduler
 .text          0x000000001c00062e       0x4e /module/wifi-img-streamer/BUILD/GAP8_V2/GCC_RISCV_FREERTOS//gap_sdk/rtos/freeRTOS/vendors/gwt/gap8/pmsis/drivers/fc_event/fc_event.o
                0x000000001c00062e                fc_soc_event_handler
 .text          0x000000001c00067c      0x168 /module/wifi-img-streamer/BUILD/GAP8_V2/GCC_RISCV_FREERTOS//gap_sdk/rtos/freeRTOS/vendors/gwt/gap8/pmsis/drivers/udma/hyperbus/hyperbus_internal.o
                0x000000001c00067c                hyper_handler
 .text          0x000000001c0007e4      0x5fe /usr/lib/gap_riscv_toolchain/bin/../lib/gcc/riscv32-unknown-elf/7.1.1/rv32imcxgap8/ilp32/libgcc.a(adddf3.o)
                0x000000001c0007e4                __adddf3
 .text          0x000000001c000de2      0x4d2 /usr/lib/gap_riscv_toolchain/bin/../lib/gcc/riscv32-unknown-elf/7.1.1/rv32imcxgap8/ilp32/libgcc.a(divdf3.o)
                0x000000001c000de2                __divdf3
 .text          0x000000001c0012b4       0x60 /usr/lib/gap_riscv_toolchain/bin/../lib/gcc/riscv32-unknown-elf/7.1.1/rv32imcxgap8/ilp32/libgcc.a(eqdf2.o)
                0x000000001c0012b4                __eqdf2
                0x000000001c0012b4                __nedf2
 .text          0x000000001c001314       0xae /usr/lib/gap_riscv_toolchain/bin/../lib/gcc/riscv32-unknown-elf/7.1.1/rv32imcxgap8/ilp32/libgcc.a(gedf2.o)
                0x000000001c001314                __gtdf2
                0x000000001c001314                __gedf2
 .text          0x000000001c0013c2       0xae /usr/lib/gap_riscv_toolchain/bin/../lib/gcc/riscv32-unknown-elf/7.1.1/rv32imcxgap8/ilp32/libgcc.a(ledf2.o)
                0x000000001c0013c2                __ltdf2
                0x000000001c0013c2                __ledf2
 .text          0x000000001c001470      0x43a /usr/lib/gap_riscv_toolchain/bin/../lib/gcc/riscv32-unknown-elf/7.1.1/rv32imcxgap8/ilp32/libgcc.a(muldf3.o)
                0x000000001c001470                __muldf3
 .text          0x000000001c0018aa      0x612 /usr/lib/gap_riscv_toolchain/bin/../lib/gcc/riscv32-unknown-elf/7.1.1/rv32imcxgap8/ilp32/libgcc.a(subdf3.o)
                0x000000001c0018aa                __subdf3
 .text          0x000000001c001ebc       0x5c /usr/lib/gap_riscv_toolchain/bin/../lib/gcc/riscv32-unknown-elf/7.1.1/rv32imcxgap8/ilp32/libgcc.a(fixdfsi.o)
                0x000000001c001ebc                __fixdfsi
 .text          0x000000001c001f18       0x52 /usr/lib/gap_riscv_toolchain/bin/../lib/gcc/riscv32-unknown-elf/7.1.1/rv32imcxgap8/ilp32/libgcc.a(fixunsdfsi.o)
                0x000000001c001f18                __fixunsdfsi
 .text          0x000000001c001f6a       0x58 /usr/lib/gap_riscv_toolchain/bin/../lib/gcc/riscv32-unknown-elf/7.1.1/rv32imcxgap8/ilp32/libgcc.a(floatsidf.o)
                0x000000001c001f6a                __floatsidf
 .text          0x000000001c001fc2       0x4c /usr/lib/gap_riscv_toolchain/bin/../lib/gcc/riscv32-unknown-elf/7.1.1/rv32imcxgap8/ilp32/libgcc.a(floatunsidf.o)
                0x000000001c001fc2                __floatunsidf
 *(.text.*)
 .text.task_main
                0x000000001c00200e       0xd8 /module/wifi-img-streamer/BUILD/GAP8_V2/GCC_RISCV_FREERTOS/wifi-img-streamer.o
 .text.task_camera
                0x000000001c0020e6      0x4d2 /module/wifi-img-streamer/BUILD/GAP8_V2/GCC_RISCV_FREERTOS/wifi-img-streamer.o
                0x000000001c0020e6                task_camera
 .text.startup.main
                0x000000001c0025b8       0x36 /module/wifi-img-streamer/BUILD/GAP8_V2/GCC_RISCV_FREERTOS/wifi-img-streamer.o
                0x000000001c0025b8                main
 .text.vDataReadyISR
                0x000000001c0025ee       0x2c /module/wifi-img-streamer/BUILD/GAP8_V2/GCC_RISCV_FREERTOS/../lib/cpx/src/com.o
                0x000000001c0025ee                vDataReadyISR
 .text.com_task
                0x000000001c00261a      0x180 /module/wifi-img-streamer/BUILD/GAP8_V2/GCC_RISCV_FREERTOS/../lib/cpx/src/com.o
                0x000000001c00261a                com_task
 .text.com_init
                0x000000001c00279a      0x17a /module/wifi-img-streamer/BUILD/GAP8_V2/GCC_RISCV_FREERTOS/../lib/cpx/src/com.o
                0x000000001c00279a                com_init
 .text.com_read
                0x000000001c002914       0x10 /module/wifi-img-streamer/BUILD/GAP8_V2/GCC_RISCV_FREERTOS/../lib/cpx/src/com.o
                0x000000001c002914                com_read
 .text.com_write
                0x000000001c002924       0x32 /module/wifi-img-streamer/BUILD/GAP8_V2/GCC_RISCV_FREERTOS/../lib/cpx/src/com.o
                0x000000001c002924                com_write
 .text.cpx_rx_task
                0x000000001c002956       0xa6 /module/wifi-img-streamer/BUILD/GAP8_V2/GCC_RISCV_FREERTOS/../lib/cpx/src/cpx.o
 .text.cpxEnableFunction
                0x000000001c0029fc       0x2a /module/wifi-img-streamer/BUILD/GAP8_V2/GCC_RISCV_FREERTOS/../lib/cpx/src/cpx.o
                0x000000001c0029fc                cpxEnableFunction
 .text.cpxReceivePacketBlocking
                0x000000001c002a26       0x14 /module/wifi-img-streamer/BUILD/GAP8_V2/GCC_RISCV_FREERTOS/../lib/cpx/src/cpx.o
                0x000000001c002a26                cpxReceivePacketBlocking
 .text.cpxSendPacketBlocking
                0x000000001c002a3a       0x54 /module/wifi-img-streamer/BUILD/GAP8_V2/GCC_RISCV_FREERTOS/../lib/cpx/src/cpx.o
                0x000000001c002a3a                cpxSendPacketBlocking
 .text.cpxPrintToConsole
                0x000000001c002a8e       0xa4 /module/wifi-img-streamer/BUILD/GAP8_V2/GCC_RISCV_FREERTOS/../lib/cpx/src/cpx.o
                0x000000001c002a8e                cpxPrintToConsole
 .text.cpxInitRoute
                0x000000001c002b32        0xe /module/wifi-img-streamer/BUILD/GAP8_V2/GCC_RISCV_FREERTOS/../lib/cpx/src/cpx.o
                0x000000001c002b32                cpxInitRoute
 .text.cpxInit  0x000000001c002b40       0x4c /module/wifi-img-streamer/BUILD/GAP8_V2/GCC_RISCV_FREERTOS/../lib/cpx/src/cpx.o
                0x000000001c002b40                cpxInit
 .text.system_init
                0x000000001c002b8c       0x5e /module/wifi-img-streamer/BUILD/GAP8_V2/GCC_RISCV_FREERTOS//gap_sdk/rtos/freeRTOS/vendors/gwt/gap8/src/device/system_gap8.o
                0x000000001c002b8c                system_init
 .text.system_setup_systick
                0x000000001c002bea       0x38 /module/wifi-img-streamer/BUILD/GAP8_V2/GCC_RISCV_FREERTOS//gap_sdk/rtos/freeRTOS/vendors/gwt/gap8/src/device/system_gap8.o
                0x000000001c002bea                system_setup_systick
 .text.system_core_clock_update
                0x000000001c002c22       0x36 /module/wifi-img-streamer/BUILD/GAP8_V2/GCC_RISCV_FREERTOS//gap_sdk/rtos/freeRTOS/vendors/gwt/gap8/src/device/system_gap8.o
                0x000000001c002c22                system_core_clock_update
 .text.system_core_clock_get
                0x000000001c002c58        0xa /module/wifi-img-streamer/BUILD/GAP8_V2/GCC_RISCV_FREERTOS//gap_sdk/rtos/freeRTOS/vendors/gwt/gap8/src/device/system_gap8.o
                0x000000001c002c58                system_core_clock_get
 .text.system_exit
                0x000000001c002c62       0x64 /module/wifi-img-streamer/BUILD/GAP8_V2/GCC_RISCV_FREERTOS//gap_sdk/rtos/freeRTOS/vendors/gwt/gap8/src/device/system_gap8.o
                0x000000001c002c62                system_exit
 .text._procid  0x000000001c002cc6        0xa /module/wifi-img-streamer/BUILD/GAP8_V2/GCC_RISCV_FREERTOS//gap_sdk/rtos/freeRTOS/vendors/gwt/gap8/src/device/gap8_it.o
                0x000000001c002cc6                _procid
 .text._clusterid
                0x000000001c002cd0        0x8 /module/wifi-img-streamer/BUILD/GAP8_V2/GCC_RISCV_FREERTOS//gap_sdk/rtos/freeRTOS/vendors/gwt/gap8/src/device/gap8_it.o
                0x000000001c002cd0                _clusterid
 .text.pi_log_write.constprop.0
                0x000000001c002cd8       0x32 /module/wifi-img-streamer/BUILD/GAP8_V2/GCC_RISCV_FREERTOS//gap_sdk/rtos/freeRTOS/vendors/gwt/gap8/src/device/gap8_it.o
 .text._isr_default
                0x000000001c002d0a       0x38 /module/wifi-img-streamer/BUILD/GAP8_V2/GCC_RISCV_FREERTOS//gap_sdk/rtos/freeRTOS/vendors/gwt/gap8/src/device/gap8_it.o
                0x000000001c002d0a                _isr_default
 .text.vSetPendSV
                0x000000001c002d42        0xa /module/wifi-img-streamer/BUILD/GAP8_V2/GCC_RISCV_FREERTOS//gap_sdk/rtos/freeRTOS/vendors/gwt/gap8/src/device/gap8_it.o
                0x000000001c002d42                vSetPendSV
 .text._ill_insn_print
                0x000000001c002d4c       0x36 /module/wifi-img-streamer/BUILD/GAP8_V2/GCC_RISCV_FREERTOS//gap_sdk/rtos/freeRTOS/vendors/gwt/gap8/src/device/gap8_it.o
                0x000000001c002d4c                _ill_insn_print
 .text.__uart_putc_cluster_req
                0x000000001c002d82       0x48 /module/wifi-img-streamer/BUILD/GAP8_V2/GCC_RISCV_FREERTOS//gap_sdk/rtos/freeRTOS/vendors/gwt/gap8/src/driver/gap_io.o
 .text.printf_uart_init
                0x000000001c002dca       0x5c /module/wifi-img-streamer/BUILD/GAP8_V2/GCC_RISCV_FREERTOS//gap_sdk/rtos/freeRTOS/vendors/gwt/gap8/src/driver/gap_io.o
                0x000000001c002dca                printf_uart_init
 .text._putchar
                0x000000001c002e26      0x124 /module/wifi-img-streamer/BUILD/GAP8_V2/GCC_RISCV_FREERTOS//gap_sdk/rtos/freeRTOS/vendors/gwt/gap8/src/driver/gap_io.o
                0x000000001c002e26                _putchar
 .text.system_exit_printf_flush
                0x000000001c002f4a       0x96 /module/wifi-img-streamer/BUILD/GAP8_V2/GCC_RISCV_FREERTOS//gap_sdk/rtos/freeRTOS/vendors/gwt/gap8/src/driver/gap_io.o
                0x000000001c002f4a                system_exit_printf_flush
 .text.exit     0x000000001c002fe0        0x8 /module/wifi-img-streamer/BUILD/GAP8_V2/GCC_RISCV_FREERTOS//gap_sdk/rtos/freeRTOS/vendors/gwt/libs/src/stdlib.o
                0x000000001c002fe0                exit
 .text.memcpy   0x000000001c002fe8      0x10a /module/wifi-img-streamer/BUILD/GAP8_V2/GCC_RISCV_FREERTOS//gap_sdk/rtos/freeRTOS/vendors/gwt/libs/src/string.o
                0x000000001c002fe8                memcpy
 .text.memset   0x000000001c0030f2       0xb6 /module/wifi-img-streamer/BUILD/GAP8_V2/GCC_RISCV_FREERTOS//gap_sdk/rtos/freeRTOS/vendors/gwt/libs/src/string.o
                0x000000001c0030f2                memset
 .text.cl_notify_fc_event_handler
                0x000000001c0031a8       0xa2 /module/wifi-img-streamer/BUILD/GAP8_V2/GCC_RISCV_FREERTOS//gap_sdk/rtos/freeRTOS/vendors/gwt/gap8/pmsis/cluster/drivers/cluster_synchronisation/cl_to_fc_delegate.o
                0x000000001c0031a8                cl_notify_fc_event_handler
 .text.pi_cl_send_task_to_fc
                0x000000001c00324a       0x42 /module/wifi-img-streamer/BUILD/GAP8_V2/GCC_RISCV_FREERTOS//gap_sdk/rtos/freeRTOS/vendors/gwt/gap8/pmsis/cluster/drivers/cluster_synchronisation/cl_to_fc_delegate.o
                0x000000001c00324a                pi_cl_send_task_to_fc
 .text.cl_task_finish
                0x000000001c00328c       0x78 /module/wifi-img-streamer/BUILD/GAP8_V2/GCC_RISCV_FREERTOS//gap_sdk/rtos/freeRTOS/vendors/gwt/gap8/pmsis/cluster/drivers/cluster_synchronisation/fc_to_cl_delegate.o
                0x000000001c00328c                cl_task_finish
 .text.pi_cl_dma_2d_handler
                0x000000001c003304       0x94 /module/wifi-img-streamer/BUILD/GAP8_V2/GCC_RISCV_FREERTOS//gap_sdk/rtos/freeRTOS/vendors/gwt/gap8/pmsis/cluster/drivers/dma/cl_dma_irq.o
                0x000000001c003304                pi_cl_dma_2d_handler
 .text.fc_event_null_event
                0x000000001c003398        0x2 /module/wifi-img-streamer/BUILD/GAP8_V2/GCC_RISCV_FREERTOS//gap_sdk/rtos/freeRTOS/vendors/gwt/gap8/pmsis/drivers/fc_event/fc_event.o
 .text.pi_fc_event_handler_init
                0x000000001c00339a       0x30 /module/wifi-img-streamer/BUILD/GAP8_V2/GCC_RISCV_FREERTOS//gap_sdk/rtos/freeRTOS/vendors/gwt/gap8/pmsis/drivers/fc_event/fc_event.o
                0x000000001c00339a                pi_fc_event_handler_init
 .text.pi_fc_event_handler_set
                0x000000001c0033ca       0x10 /module/wifi-img-streamer/BUILD/GAP8_V2/GCC_RISCV_FREERTOS//gap_sdk/rtos/freeRTOS/vendors/gwt/gap8/pmsis/drivers/fc_event/fc_event.o
                0x000000001c0033ca                pi_fc_event_handler_set
 .text.pi_fc_event_handler_clear
                0x000000001c0033da       0x18 /module/wifi-img-streamer/BUILD/GAP8_V2/GCC_RISCV_FREERTOS//gap_sdk/rtos/freeRTOS/vendors/gwt/gap8/pmsis/drivers/fc_event/fc_event.o
                0x000000001c0033da                pi_fc_event_handler_clear
 .text.pi_fll_init
                0x000000001c0033f2       0xd2 /module/wifi-img-streamer/BUILD/GAP8_V2/GCC_RISCV_FREERTOS//gap_sdk/rtos/freeRTOS/vendors/gwt/gap8/pmsis/drivers/fll/fll.o
                0x000000001c0033f2                pi_fll_init
 .text.pi_fll_frequency_set
                0x000000001c0034c4       0xb0 /module/wifi-img-streamer/BUILD/GAP8_V2/GCC_RISCV_FREERTOS//gap_sdk/rtos/freeRTOS/vendors/gwt/gap8/pmsis/drivers/fll/fll.o
                0x000000001c0034c4                pi_fll_frequency_set
 .text.pi_fll_frequency_get
                0x000000001c003574       0x46 /module/wifi-img-streamer/BUILD/GAP8_V2/GCC_RISCV_FREERTOS//gap_sdk/rtos/freeRTOS/vendors/gwt/gap8/pmsis/drivers/fll/fll.o
                0x000000001c003574                pi_fll_frequency_get
 .text.pi_freq_callback_add
                0x000000001c0035ba       0x28 /module/wifi-img-streamer/BUILD/GAP8_V2/GCC_RISCV_FREERTOS//gap_sdk/rtos/freeRTOS/vendors/gwt/gap8/pmsis/drivers/fll/fll.o
                0x000000001c0035ba                pi_freq_callback_add
 .text.pi_freq_callback_remove
                0x000000001c0035e2       0x46 /module/wifi-img-streamer/BUILD/GAP8_V2/GCC_RISCV_FREERTOS//gap_sdk/rtos/freeRTOS/vendors/gwt/gap8/pmsis/drivers/fll/fll.o
                0x000000001c0035e2                pi_freq_callback_remove
 .text.gpio_handler
                0x000000001c003628       0x88 /module/wifi-img-streamer/BUILD/GAP8_V2/GCC_RISCV_FREERTOS//gap_sdk/rtos/freeRTOS/vendors/gwt/gap8/pmsis/drivers/gpio/gpio.o
 .text.pi_gpio_conf_init
                0x000000001c0036b0        0xa /module/wifi-img-streamer/BUILD/GAP8_V2/GCC_RISCV_FREERTOS//gap_sdk/rtos/freeRTOS/vendors/gwt/gap8/pmsis/drivers/gpio/gpio.o
                0x000000001c0036b0                pi_gpio_conf_init
 .text.pi_gpio_open
                0x000000001c0036ba       0xae /module/wifi-img-streamer/BUILD/GAP8_V2/GCC_RISCV_FREERTOS//gap_sdk/rtos/freeRTOS/vendors/gwt/gap8/pmsis/drivers/gpio/gpio.o
                0x000000001c0036ba                pi_gpio_open
 .text.pi_gpio_pin_configure
                0x000000001c003768       0xde /module/wifi-img-streamer/BUILD/GAP8_V2/GCC_RISCV_FREERTOS//gap_sdk/rtos/freeRTOS/vendors/gwt/gap8/pmsis/drivers/gpio/gpio.o
                0x000000001c003768                pi_gpio_pin_configure
 .text.pi_gpio_pin_write
                0x000000001c003846       0x36 /module/wifi-img-streamer/BUILD/GAP8_V2/GCC_RISCV_FREERTOS//gap_sdk/rtos/freeRTOS/vendors/gwt/gap8/pmsis/drivers/gpio/gpio.o
                0x000000001c003846                pi_gpio_pin_write
 .text.pi_gpio_pin_read
                0x000000001c00387c       0x4a /module/wifi-img-streamer/BUILD/GAP8_V2/GCC_RISCV_FREERTOS//gap_sdk/rtos/freeRTOS/vendors/gwt/gap8/pmsis/drivers/gpio/gpio.o
                0x000000001c00387c                pi_gpio_pin_read
 .text.pi_gpio_pin_notif_configure
                0x000000001c0038c6       0x72 /module/wifi-img-streamer/BUILD/GAP8_V2/GCC_RISCV_FREERTOS//gap_sdk/rtos/freeRTOS/vendors/gwt/gap8/pmsis/drivers/gpio/gpio.o
                0x000000001c0038c6                pi_gpio_pin_notif_configure
 .text.pi_gpio_callback_add
                0x000000001c003938       0x22 /module/wifi-img-streamer/BUILD/GAP8_V2/GCC_RISCV_FREERTOS//gap_sdk/rtos/freeRTOS/vendors/gwt/gap8/pmsis/drivers/gpio/gpio.o
                0x000000001c003938                pi_gpio_callback_add
 .text.pi_pad_set_function
                0x000000001c00395a       0x38 /module/wifi-img-streamer/BUILD/GAP8_V2/GCC_RISCV_FREERTOS//gap_sdk/rtos/freeRTOS/vendors/gwt/gap8/pmsis/drivers/pad/pad.o
                0x000000001c00395a                pi_pad_set_function
 .text.pi_pad_init
                0x000000001c003992       0x26 /module/wifi-img-streamer/BUILD/GAP8_V2/GCC_RISCV_FREERTOS//gap_sdk/rtos/freeRTOS/vendors/gwt/gap8/pmsis/drivers/pad/pad.o
                0x000000001c003992                pi_pad_init
 .text.pi_pmu_voltage_set
                0x000000001c0039b8        0x2 /module/wifi-img-streamer/BUILD/GAP8_V2/GCC_RISCV_FREERTOS//gap_sdk/rtos/freeRTOS/vendors/gwt/gap8/pmsis/drivers/pmu/pmu.o
                0x000000001c0039b8                pi_pmu_voltage_set
 .text.__pi_pmu_handler
                0x000000001c0039ba       0x1e /module/wifi-img-streamer/BUILD/GAP8_V2/GCC_RISCV_FREERTOS//gap_sdk/rtos/freeRTOS/vendors/gwt/gap8/pmsis/drivers/pmu/pmu_internal.o
 .text.__pi_pmu_init
                0x000000001c0039d8       0xfa /module/wifi-img-streamer/BUILD/GAP8_V2/GCC_RISCV_FREERTOS//gap_sdk/rtos/freeRTOS/vendors/gwt/gap8/pmsis/drivers/pmu/pmu_internal.o
                0x000000001c0039d8                __pi_pmu_init
 .text.__pi_pmu_voltage_set
                0x000000001c003ad2      0x140 /module/wifi-img-streamer/BUILD/GAP8_V2/GCC_RISCV_FREERTOS//gap_sdk/rtos/freeRTOS/vendors/gwt/gap8/pmsis/drivers/pmu/pmu_internal.o
                0x000000001c003ad2                __pi_pmu_voltage_set
 .text.pi_timer_init
                0x000000001c003c12       0x34 /module/wifi-img-streamer/BUILD/GAP8_V2/GCC_RISCV_FREERTOS//gap_sdk/rtos/freeRTOS/vendors/gwt/gap8/pmsis/drivers/timer/timer.o
                0x000000001c003c12                pi_timer_init
 .text.pi_timer_reset
                0x000000001c003c46       0x28 /module/wifi-img-streamer/BUILD/GAP8_V2/GCC_RISCV_FREERTOS//gap_sdk/rtos/freeRTOS/vendors/gwt/gap8/pmsis/drivers/timer/timer.o
                0x000000001c003c46                pi_timer_reset
 .text.pi_timer_start
                0x000000001c003c6e       0x26 /module/wifi-img-streamer/BUILD/GAP8_V2/GCC_RISCV_FREERTOS//gap_sdk/rtos/freeRTOS/vendors/gwt/gap8/pmsis/drivers/timer/timer.o
                0x000000001c003c6e                pi_timer_start
 .text.pi_timer_stop
                0x000000001c003c94       0x28 /module/wifi-img-streamer/BUILD/GAP8_V2/GCC_RISCV_FREERTOS//gap_sdk/rtos/freeRTOS/vendors/gwt/gap8/pmsis/drivers/timer/timer.o
                0x000000001c003c94                pi_timer_stop
 .text.pi_timer_value_read
                0x000000001c003cbc       0x32 /module/wifi-img-streamer/BUILD/GAP8_V2/GCC_RISCV_FREERTOS//gap_sdk/rtos/freeRTOS/vendors/gwt/gap8/pmsis/drivers/timer/timer.o
                0x000000001c003cbc                pi_timer_value_read
 .text.__pi_hyper_copy_aligned.isra.6
                0x000000001c003cee       0x48 /module/wifi-img-streamer/BUILD/GAP8_V2/GCC_RISCV_FREERTOS//gap_sdk/rtos/freeRTOS/vendors/gwt/gap8/pmsis/drivers/udma/hyperbus/hyperbus_internal.o
 .text.__pi_hyper_copy_misaligned
                0x000000001c003d36      0x2ee /module/wifi-img-streamer/BUILD/GAP8_V2/GCC_RISCV_FREERTOS//gap_sdk/rtos/freeRTOS/vendors/gwt/gap8/pmsis/drivers/udma/hyperbus/hyperbus_internal.o
 .text.pi_cpi_conf_init
                0x000000001c004024        0x2 /module/wifi-img-streamer/BUILD/GAP8_V2/GCC_RISCV_FREERTOS//gap_sdk/rtos/freeRTOS/vendors/gwt/gap8/pmsis/drivers/udma/cpi/cpi.o
                0x000000001c004024                pi_cpi_conf_init
 .text.pi_cpi_open
                0x000000001c004026        0x8 /module/wifi-img-streamer/BUILD/GAP8_V2/GCC_RISCV_FREERTOS//gap_sdk/rtos/freeRTOS/vendors/gwt/gap8/pmsis/drivers/udma/cpi/cpi.o
                0x000000001c004026                pi_cpi_open
 .text.pi_cpi_close
                0x000000001c00402e       0x1e /module/wifi-img-streamer/BUILD/GAP8_V2/GCC_RISCV_FREERTOS//gap_sdk/rtos/freeRTOS/vendors/gwt/gap8/pmsis/drivers/udma/cpi/cpi.o
                0x000000001c00402e                pi_cpi_close
 .text.pi_cpi_capture_async
                0x000000001c00404c        0x4 /module/wifi-img-streamer/BUILD/GAP8_V2/GCC_RISCV_FREERTOS//gap_sdk/rtos/freeRTOS/vendors/gwt/gap8/pmsis/drivers/udma/cpi/cpi.o
                0x000000001c00404c                pi_cpi_capture_async
 .text.__pi_cpi_handler
                0x000000001c004050      0x1f4 /module/wifi-img-streamer/BUILD/GAP8_V2/GCC_RISCV_FREERTOS//gap_sdk/rtos/freeRTOS/vendors/gwt/gap8/pmsis/drivers/udma/cpi/cpi_internal.o
 .text.__pi_cpi_conf_init
                0x000000001c004244        0xc /module/wifi-img-streamer/BUILD/GAP8_V2/GCC_RISCV_FREERTOS//gap_sdk/rtos/freeRTOS/vendors/gwt/gap8/pmsis/drivers/udma/cpi/cpi_internal.o
                0x000000001c004244                __pi_cpi_conf_init
 .text.__pi_cpi_open
                0x000000001c004250       0xfc /module/wifi-img-streamer/BUILD/GAP8_V2/GCC_RISCV_FREERTOS//gap_sdk/rtos/freeRTOS/vendors/gwt/gap8/pmsis/drivers/udma/cpi/cpi_internal.o
                0x000000001c004250                __pi_cpi_open
 .text.__pi_cpi_close
                0x000000001c00434c       0x84 /module/wifi-img-streamer/BUILD/GAP8_V2/GCC_RISCV_FREERTOS//gap_sdk/rtos/freeRTOS/vendors/gwt/gap8/pmsis/drivers/udma/cpi/cpi_internal.o
                0x000000001c00434c                __pi_cpi_close
 .text.__pi_cpi_copy
                0x000000001c0043d0      0x114 /module/wifi-img-streamer/BUILD/GAP8_V2/GCC_RISCV_FREERTOS//gap_sdk/rtos/freeRTOS/vendors/gwt/gap8/pmsis/drivers/udma/cpi/cpi_internal.o
                0x000000001c0043d0                __pi_cpi_copy
 .text.pi_i2c_conf_init
                0x000000001c0044e4        0x2 /module/wifi-img-streamer/BUILD/GAP8_V2/GCC_RISCV_FREERTOS//gap_sdk/rtos/freeRTOS/vendors/gwt/gap8/pmsis/drivers/udma/i2c/i2c.o
                0x000000001c0044e4                pi_i2c_conf_init
 .text.pi_i2c_open
                0x000000001c0044e6        0x8 /module/wifi-img-streamer/BUILD/GAP8_V2/GCC_RISCV_FREERTOS//gap_sdk/rtos/freeRTOS/vendors/gwt/gap8/pmsis/drivers/udma/i2c/i2c.o
                0x000000001c0044e6                pi_i2c_open
 .text.pi_i2c_read
                0x000000001c0044ee       0x46 /module/wifi-img-streamer/BUILD/GAP8_V2/GCC_RISCV_FREERTOS//gap_sdk/rtos/freeRTOS/vendors/gwt/gap8/pmsis/drivers/udma/i2c/i2c.o
                0x000000001c0044ee                pi_i2c_read
 .text.pi_i2c_write
                0x000000001c004534       0x46 /module/wifi-img-streamer/BUILD/GAP8_V2/GCC_RISCV_FREERTOS//gap_sdk/rtos/freeRTOS/vendors/gwt/gap8/pmsis/drivers/udma/i2c/i2c.o
                0x000000001c004534                pi_i2c_write
 .text.__pi_i2c_copy_exec_read
                0x000000001c00457a       0xda /module/wifi-img-streamer/BUILD/GAP8_V2/GCC_RISCV_FREERTOS//gap_sdk/rtos/freeRTOS/vendors/gwt/gap8/pmsis/drivers/udma/i2c/i2c_internal.o
 .text.__pi_i2c_copy_exec_write
                0x000000001c004654       0xf0 /module/wifi-img-streamer/BUILD/GAP8_V2/GCC_RISCV_FREERTOS//gap_sdk/rtos/freeRTOS/vendors/gwt/gap8/pmsis/drivers/udma/i2c/i2c_internal.o
 .text.__pi_i2c_handler
                0x000000001c004744      0x11a /module/wifi-img-streamer/BUILD/GAP8_V2/GCC_RISCV_FREERTOS//gap_sdk/rtos/freeRTOS/vendors/gwt/gap8/pmsis/drivers/udma/i2c/i2c_internal.o
 .text.__pi_i2c_freq_cb
                0x000000001c00485e       0x7c /module/wifi-img-streamer/BUILD/GAP8_V2/GCC_RISCV_FREERTOS//gap_sdk/rtos/freeRTOS/vendors/gwt/gap8/pmsis/drivers/udma/i2c/i2c_internal.o
 .text.__pi_i2c_conf_init
                0x000000001c0048da       0x18 /module/wifi-img-streamer/BUILD/GAP8_V2/GCC_RISCV_FREERTOS//gap_sdk/rtos/freeRTOS/vendors/gwt/gap8/pmsis/drivers/udma/i2c/i2c_internal.o
                0x000000001c0048da                __pi_i2c_conf_init
 .text.__pi_i2c_open
                0x000000001c0048f2      0x1f8 /module/wifi-img-streamer/BUILD/GAP8_V2/GCC_RISCV_FREERTOS//gap_sdk/rtos/freeRTOS/vendors/gwt/gap8/pmsis/drivers/udma/i2c/i2c_internal.o
                0x000000001c0048f2                __pi_i2c_open
 .text.__pi_i2c_copy
                0x000000001c004aea       0x66 /module/wifi-img-streamer/BUILD/GAP8_V2/GCC_RISCV_FREERTOS//gap_sdk/rtos/freeRTOS/vendors/gwt/gap8/pmsis/drivers/udma/i2c/i2c_internal.o
                0x000000001c004aea                __pi_i2c_copy
 .text.pi_spi_open
                0x000000001c004b50       0x1c /module/wifi-img-streamer/BUILD/GAP8_V2/GCC_RISCV_FREERTOS//gap_sdk/rtos/freeRTOS/vendors/gwt/gap8/pmsis/drivers/udma/spi/spi.o
                0x000000001c004b50                pi_spi_open
 .text.pi_spi_transfer
                0x000000001c004b6c       0x48 /module/wifi-img-streamer/BUILD/GAP8_V2/GCC_RISCV_FREERTOS//gap_sdk/rtos/freeRTOS/vendors/gwt/gap8/pmsis/drivers/udma/spi/spi.o
                0x000000001c004b6c                pi_spi_transfer
 .text.__pi_spi_freq_cb
                0x000000001c004bb4       0x84 /module/wifi-img-streamer/BUILD/GAP8_V2/GCC_RISCV_FREERTOS//gap_sdk/rtos/freeRTOS/vendors/gwt/gap8/pmsis/drivers/udma/spi/spi_internal.o
                0x000000001c004bb4                __pi_spi_freq_cb
 .text.pi_spi_conf_init
                0x000000001c004c38       0x26 /module/wifi-img-streamer/BUILD/GAP8_V2/GCC_RISCV_FREERTOS//gap_sdk/rtos/freeRTOS/vendors/gwt/gap8/pmsis/drivers/udma/spi/spi_internal.o
                0x000000001c004c38                pi_spi_conf_init
 .text.__pi_spi_open
                0x000000001c004c5e      0x300 /module/wifi-img-streamer/BUILD/GAP8_V2/GCC_RISCV_FREERTOS//gap_sdk/rtos/freeRTOS/vendors/gwt/gap8/pmsis/drivers/udma/spi/spi_internal.o
                0x000000001c004c5e                __pi_spi_open
 .text.__pi_spi_receive_async
                0x000000001c004f5e      0x110 /module/wifi-img-streamer/BUILD/GAP8_V2/GCC_RISCV_FREERTOS//gap_sdk/rtos/freeRTOS/vendors/gwt/gap8/pmsis/drivers/udma/spi/spi_internal.o
                0x000000001c004f5e                __pi_spi_receive_async
 .text.__pi_spi_send_async
                0x000000001c00506e      0x146 /module/wifi-img-streamer/BUILD/GAP8_V2/GCC_RISCV_FREERTOS//gap_sdk/rtos/freeRTOS/vendors/gwt/gap8/pmsis/drivers/udma/spi/spi_internal.o
                0x000000001c00506e                __pi_spi_send_async
 .text.__pi_spi_xfer_async
                0x000000001c0051b4      0x138 /module/wifi-img-streamer/BUILD/GAP8_V2/GCC_RISCV_FREERTOS//gap_sdk/rtos/freeRTOS/vendors/gwt/gap8/pmsis/drivers/udma/spi/spi_internal.o
                0x000000001c0051b4                __pi_spi_xfer_async
 .text.__pi_spi_copy_async
                0x000000001c0052ec      0x792 /module/wifi-img-streamer/BUILD/GAP8_V2/GCC_RISCV_FREERTOS//gap_sdk/rtos/freeRTOS/vendors/gwt/gap8/pmsis/drivers/udma/spi/spi_internal.o
                0x000000001c0052ec                __pi_spi_copy_async
 .text.__pi_spi_copy_async_2d
                0x000000001c005a7e      0x700 /module/wifi-img-streamer/BUILD/GAP8_V2/GCC_RISCV_FREERTOS//gap_sdk/rtos/freeRTOS/vendors/gwt/gap8/pmsis/drivers/udma/spi/spi_internal.o
                0x000000001c005a7e                __pi_spi_copy_async_2d
 .text.spim_eot_handler
                0x000000001c00617e      0x86a /module/wifi-img-streamer/BUILD/GAP8_V2/GCC_RISCV_FREERTOS//gap_sdk/rtos/freeRTOS/vendors/gwt/gap8/pmsis/drivers/udma/spi/spi_internal.o
                0x000000001c00617e                spim_eot_handler
 .text.spim_tx_handler
                0x000000001c0069e8       0x3e /module/wifi-img-streamer/BUILD/GAP8_V2/GCC_RISCV_FREERTOS//gap_sdk/rtos/freeRTOS/vendors/gwt/gap8/pmsis/drivers/udma/spi/spi_internal.o
                0x000000001c0069e8                spim_tx_handler
 .text.spim_rx_handler
                0x000000001c006a26       0x3a /module/wifi-img-streamer/BUILD/GAP8_V2/GCC_RISCV_FREERTOS//gap_sdk/rtos/freeRTOS/vendors/gwt/gap8/pmsis/drivers/udma/spi/spi_internal.o
                0x000000001c006a26                spim_rx_handler
 .text.pi_uart_conf_init
                0x000000001c006a60        0x2 /module/wifi-img-streamer/BUILD/GAP8_V2/GCC_RISCV_FREERTOS//gap_sdk/rtos/freeRTOS/vendors/gwt/gap8/pmsis/drivers/udma/uart/uart.o
                0x000000001c006a60                pi_uart_conf_init
 .text.pi_uart_open
                0x000000001c006a62        0x6 /module/wifi-img-streamer/BUILD/GAP8_V2/GCC_RISCV_FREERTOS//gap_sdk/rtos/freeRTOS/vendors/gwt/gap8/pmsis/drivers/udma/uart/uart.o
                0x000000001c006a62                pi_uart_open
 .text.pi_uart_close
                0x000000001c006a68       0x1e /module/wifi-img-streamer/BUILD/GAP8_V2/GCC_RISCV_FREERTOS//gap_sdk/rtos/freeRTOS/vendors/gwt/gap8/pmsis/drivers/udma/uart/uart.o
                0x000000001c006a68                pi_uart_close
 .text.pi_uart_write
                0x000000001c006a86       0x4c /module/wifi-img-streamer/BUILD/GAP8_V2/GCC_RISCV_FREERTOS//gap_sdk/rtos/freeRTOS/vendors/gwt/gap8/pmsis/drivers/udma/uart/uart.o
                0x000000001c006a86                pi_uart_write
 .text.__pi_uart_freq_cb
                0x000000001c006ad2       0xa6 /module/wifi-img-streamer/BUILD/GAP8_V2/GCC_RISCV_FREERTOS//gap_sdk/rtos/freeRTOS/vendors/gwt/gap8/pmsis/drivers/udma/uart/uart_internal.o
 .text.__pi_uart_handler
                0x000000001c006b78       0xc0 /module/wifi-img-streamer/BUILD/GAP8_V2/GCC_RISCV_FREERTOS//gap_sdk/rtos/freeRTOS/vendors/gwt/gap8/pmsis/drivers/udma/uart/uart_internal.o
 .text.__pi_uart_conf_init
                0x000000001c006c38       0x18 /module/wifi-img-streamer/BUILD/GAP8_V2/GCC_RISCV_FREERTOS//gap_sdk/rtos/freeRTOS/vendors/gwt/gap8/pmsis/drivers/udma/uart/uart_internal.o
                0x000000001c006c38                __pi_uart_conf_init
 .text.__pi_uart_open
                0x000000001c006c50      0x1f0 /module/wifi-img-streamer/BUILD/GAP8_V2/GCC_RISCV_FREERTOS//gap_sdk/rtos/freeRTOS/vendors/gwt/gap8/pmsis/drivers/udma/uart/uart_internal.o
                0x000000001c006c50                __pi_uart_open
 .text.__pi_uart_close
                0x000000001c006e40      0x144 /module/wifi-img-streamer/BUILD/GAP8_V2/GCC_RISCV_FREERTOS//gap_sdk/rtos/freeRTOS/vendors/gwt/gap8/pmsis/drivers/udma/uart/uart_internal.o
                0x000000001c006e40                __pi_uart_close
 .text.__pi_uart_copy
                0x000000001c006f84       0xb0 /module/wifi-img-streamer/BUILD/GAP8_V2/GCC_RISCV_FREERTOS//gap_sdk/rtos/freeRTOS/vendors/gwt/gap8/pmsis/drivers/udma/uart/uart_internal.o
                0x000000001c006f84                __pi_uart_copy
 .text.semihost_exit
                0x000000001c007034       0x12 /module/wifi-img-streamer/BUILD/GAP8_V2/GCC_RISCV_FREERTOS//gap_sdk/rtos/pmsis/pmsis_bsp/fs/host_fs/semihost.o
                0x000000001c007034                semihost_exit
 .text.bsp_himax_conf_init
                0x000000001c007046       0x48 /module/wifi-img-streamer/BUILD/GAP8_V2/GCC_RISCV_FREERTOS//gap_sdk/rtos/pmsis/pmsis_bsp/bsp/ai_deck.o
                0x000000001c007046                bsp_himax_conf_init
 .text.bsp_himax_open
                0x000000001c00708e       0x40 /module/wifi-img-streamer/BUILD/GAP8_V2/GCC_RISCV_FREERTOS//gap_sdk/rtos/pmsis/pmsis_bsp/bsp/ai_deck.o
                0x000000001c00708e                bsp_himax_open
 .text.pi_bsp_init
                0x000000001c0070ce       0x3c /module/wifi-img-streamer/BUILD/GAP8_V2/GCC_RISCV_FREERTOS//gap_sdk/rtos/pmsis/pmsis_bsp/bsp/ai_deck.o
                0x000000001c0070ce                pi_bsp_init
 .text.pi_camera_open
                0x000000001c00710a        0xc /module/wifi-img-streamer/BUILD/GAP8_V2/GCC_RISCV_FREERTOS//gap_sdk/rtos/pmsis/pmsis_bsp/camera/camera.o
                0x000000001c00710a                pi_camera_open
 .text.pi_camera_capture
                0x000000001c007116       0x36 /module/wifi-img-streamer/BUILD/GAP8_V2/GCC_RISCV_FREERTOS//gap_sdk/rtos/pmsis/pmsis_bsp/camera/camera.o
                0x000000001c007116                pi_camera_capture
 .text.__camera_conf_init
                0x000000001c00714c        0x2 /module/wifi-img-streamer/BUILD/GAP8_V2/GCC_RISCV_FREERTOS//gap_sdk/rtos/pmsis/pmsis_bsp/camera/camera.o
                0x000000001c00714c                __camera_conf_init
 .text.__himax_reg_set
                0x000000001c00714e       0x3e /module/wifi-img-streamer/BUILD/GAP8_V2/GCC_RISCV_FREERTOS//gap_sdk/rtos/pmsis/pmsis_bsp/camera/himax/himax.o
                0x000000001c00714e                __himax_reg_set
 .text.__himax_capture_async
                0x000000001c00718c        0xa /module/wifi-img-streamer/BUILD/GAP8_V2/GCC_RISCV_FREERTOS//gap_sdk/rtos/pmsis/pmsis_bsp/camera/himax/himax.o
                0x000000001c00718c                __himax_capture_async
 .text.__himax_reg_get
                0x000000001c007196       0x5c /module/wifi-img-streamer/BUILD/GAP8_V2/GCC_RISCV_FREERTOS//gap_sdk/rtos/pmsis/pmsis_bsp/camera/himax/himax.o
                0x000000001c007196                __himax_reg_get
 .text.__himax_close
                0x000000001c0071f2       0x42 /module/wifi-img-streamer/BUILD/GAP8_V2/GCC_RISCV_FREERTOS//gap_sdk/rtos/pmsis/pmsis_bsp/camera/himax/himax.o
 .text.__himax_open
                0x000000001c007234      0x2ea /module/wifi-img-streamer/BUILD/GAP8_V2/GCC_RISCV_FREERTOS//gap_sdk/rtos/pmsis/pmsis_bsp/camera/himax/himax.o
                0x000000001c007234                __himax_open
 .text.__himax_reopen
                0x000000001c00751e      0x1d6 /module/wifi-img-streamer/BUILD/GAP8_V2/GCC_RISCV_FREERTOS//gap_sdk/rtos/pmsis/pmsis_bsp/camera/himax/himax.o
                0x000000001c00751e                __himax_reopen
 .text.__himax_control
                0x000000001c0076f4      0x124 /module/wifi-img-streamer/BUILD/GAP8_V2/GCC_RISCV_FREERTOS//gap_sdk/rtos/pmsis/pmsis_bsp/camera/himax/himax.o
 .text.pi_himax_conf_init
                0x000000001c007818       0x2e /module/wifi-img-streamer/BUILD/GAP8_V2/GCC_RISCV_FREERTOS//gap_sdk/rtos/pmsis/pmsis_bsp/camera/himax/himax.o
                0x000000001c007818                pi_himax_conf_init
 .text.pi_log_default_vprintf
                0x000000001c007846        0x4 /module/wifi-img-streamer/BUILD/GAP8_V2/GCC_RISCV_FREERTOS//gap_sdk/rtos/freeRTOS/vendors/gwt/pmsis/rtos/pi_log.o
 .text.pmsis_event_push
                0x000000001c00784a       0x4e /module/wifi-img-streamer/BUILD/GAP8_V2/GCC_RISCV_FREERTOS//gap_sdk/rtos/freeRTOS/vendors/gwt/pmsis/rtos/event_kernel/event_kernel.o
                0x000000001c00784a                pmsis_event_push
 .text.pmsis_event_kernel_init
                0x000000001c007898       0x78 /module/wifi-img-streamer/BUILD/GAP8_V2/GCC_RISCV_FREERTOS//gap_sdk/rtos/freeRTOS/vendors/gwt/pmsis/rtos/event_kernel/event_kernel.o
                0x000000001c007898                pmsis_event_kernel_init
 .text.pmsis_event_kernel_main
                0x000000001c007910       0xa2 /module/wifi-img-streamer/BUILD/GAP8_V2/GCC_RISCV_FREERTOS//gap_sdk/rtos/freeRTOS/vendors/gwt/pmsis/rtos/event_kernel/event_kernel.o
                0x000000001c007910                pmsis_event_kernel_main
 .text.pmsis_event_get_default_scheduler
                0x000000001c0079b2        0xa /module/wifi-img-streamer/BUILD/GAP8_V2/GCC_RISCV_FREERTOS//gap_sdk/rtos/freeRTOS/vendors/gwt/pmsis/rtos/event_kernel/event_kernel.o
                0x000000001c0079b2                pmsis_event_get_default_scheduler
 .text.pmsis_event_set_default_scheduler
                0x000000001c0079bc        0xa /module/wifi-img-streamer/BUILD/GAP8_V2/GCC_RISCV_FREERTOS//gap_sdk/rtos/freeRTOS/vendors/gwt/pmsis/rtos/event_kernel/event_kernel.o
                0x000000001c0079bc                pmsis_event_set_default_scheduler
 .text.pi_cl_l1_free
                0x000000001c0079c6       0x20 /module/wifi-img-streamer/BUILD/GAP8_V2/GCC_RISCV_FREERTOS//gap_sdk/rtos/freeRTOS/vendors/gwt/pmsis/rtos/malloc/cl_l1_malloc.o
                0x000000001c0079c6                pi_cl_l1_free
 .text.pi_fc_l1_malloc
                0x000000001c0079e6       0x22 /module/wifi-img-streamer/BUILD/GAP8_V2/GCC_RISCV_FREERTOS//gap_sdk/rtos/freeRTOS/vendors/gwt/pmsis/rtos/malloc/fc_l1_malloc.o
                0x000000001c0079e6                pi_fc_l1_malloc
 .text.pi_fc_l1_free
                0x000000001c007a08       0x24 /module/wifi-img-streamer/BUILD/GAP8_V2/GCC_RISCV_FREERTOS//gap_sdk/rtos/freeRTOS/vendors/gwt/pmsis/rtos/malloc/fc_l1_malloc.o
                0x000000001c007a08                pi_fc_l1_free
 .text.pi_fc_l1_malloc_init
                0x000000001c007a2c       0x20 /module/wifi-img-streamer/BUILD/GAP8_V2/GCC_RISCV_FREERTOS//gap_sdk/rtos/freeRTOS/vendors/gwt/pmsis/rtos/malloc/fc_l1_malloc.o
                0x000000001c007a2c                pi_fc_l1_malloc_init
 .text.pi_l2_malloc
                0x000000001c007a4c       0x5a /module/wifi-img-streamer/BUILD/GAP8_V2/GCC_RISCV_FREERTOS//gap_sdk/rtos/freeRTOS/vendors/gwt/pmsis/rtos/malloc/l2_malloc.o
                0x000000001c007a4c                pi_l2_malloc
 .text.pi_l2_free
                0x000000001c007aa6       0x3a /module/wifi-img-streamer/BUILD/GAP8_V2/GCC_RISCV_FREERTOS//gap_sdk/rtos/freeRTOS/vendors/gwt/pmsis/rtos/malloc/l2_malloc.o
                0x000000001c007aa6                pi_l2_free
 .text.pi_l2_malloc_init
                0x000000001c007ae0       0x20 /module/wifi-img-streamer/BUILD/GAP8_V2/GCC_RISCV_FREERTOS//gap_sdk/rtos/freeRTOS/vendors/gwt/pmsis/rtos/malloc/l2_malloc.o
                0x000000001c007ae0                pi_l2_malloc_init
 .text.__malloc_init
                0x000000001c007b00       0x20 /module/wifi-img-streamer/BUILD/GAP8_V2/GCC_RISCV_FREERTOS//gap_sdk/rtos/freeRTOS/vendors/gwt/pmsis/rtos/malloc/malloc_internal.o
                0x000000001c007b00                __malloc_init
 .text.__malloc
                0x000000001c007b20       0x4a /module/wifi-img-streamer/BUILD/GAP8_V2/GCC_RISCV_FREERTOS//gap_sdk/rtos/freeRTOS/vendors/gwt/pmsis/rtos/malloc/malloc_internal.o
                0x000000001c007b20                __malloc
 .text.__malloc_free
                0x000000001c007b6a       0x5c /module/wifi-img-streamer/BUILD/GAP8_V2/GCC_RISCV_FREERTOS//gap_sdk/rtos/freeRTOS/vendors/gwt/pmsis/rtos/malloc/malloc_internal.o
                0x000000001c007b6a                __malloc_free
 .text.pi_malloc_init
                0x000000001c007bc6       0x1c /module/wifi-img-streamer/BUILD/GAP8_V2/GCC_RISCV_FREERTOS//gap_sdk/rtos/freeRTOS/vendors/gwt/pmsis/rtos/malloc/pi_malloc.o
                0x000000001c007bc6                pi_malloc_init
 .text.pi_malloc
                0x000000001c007be2       0x30 /module/wifi-img-streamer/BUILD/GAP8_V2/GCC_RISCV_FREERTOS//gap_sdk/rtos/freeRTOS/vendors/gwt/pmsis/rtos/malloc/pi_malloc.o
                0x000000001c007be2                pi_malloc
 .text.pi_free  0x000000001c007c12       0x1e /module/wifi-img-streamer/BUILD/GAP8_V2/GCC_RISCV_FREERTOS//gap_sdk/rtos/freeRTOS/vendors/gwt/pmsis/rtos/malloc/pi_malloc.o
                0x000000001c007c12                pi_free
 .text.pi_open_from_conf
                0x000000001c007c30        0x4 /module/wifi-img-streamer/BUILD/GAP8_V2/GCC_RISCV_FREERTOS//gap_sdk/rtos/freeRTOS/vendors/gwt/pmsis/rtos/os/device.o
                0x000000001c007c30                pi_open_from_conf
 .text.__pi_task_block
                0x000000001c007c34       0x36 /module/wifi-img-streamer/BUILD/GAP8_V2/GCC_RISCV_FREERTOS//gap_sdk/rtos/freeRTOS/vendors/gwt/pmsis/rtos/os/pmsis_task.o
                0x000000001c007c34                __pi_task_block
 .text.__pi_task_callback
                0x000000001c007c6a       0x24 /module/wifi-img-streamer/BUILD/GAP8_V2/GCC_RISCV_FREERTOS//gap_sdk/rtos/freeRTOS/vendors/gwt/pmsis/rtos/os/pmsis_task.o
                0x000000001c007c6a                __pi_task_callback
 .text.__pi_task_destroy
                0x000000001c007c8e       0x10 /module/wifi-img-streamer/BUILD/GAP8_V2/GCC_RISCV_FREERTOS//gap_sdk/rtos/freeRTOS/vendors/gwt/pmsis/rtos/os/pmsis_task.o
                0x000000001c007c8e                __pi_task_destroy
 .text.__pi_task_wait_on
                0x000000001c007c9e       0x42 /module/wifi-img-streamer/BUILD/GAP8_V2/GCC_RISCV_FREERTOS//gap_sdk/rtos/freeRTOS/vendors/gwt/pmsis/rtos/os/pmsis_task.o
                0x000000001c007c9e                __pi_task_wait_on
 .text.__pi_task_push
                0x000000001c007ce0       0x26 /module/wifi-img-streamer/BUILD/GAP8_V2/GCC_RISCV_FREERTOS//gap_sdk/rtos/freeRTOS/vendors/gwt/pmsis/rtos/os/pmsis_task.o
                0x000000001c007ce0                __pi_task_push
 .text.pi_task_release
                0x000000001c007d06       0x4e /module/wifi-img-streamer/BUILD/GAP8_V2/GCC_RISCV_FREERTOS//gap_sdk/rtos/freeRTOS/vendors/gwt/pmsis/rtos/os/pmsis_task.o
                0x000000001c007d06                pi_task_release
 .text.pi_cl_pi_task_wait
                0x000000001c007d54       0x28 /module/wifi-img-streamer/BUILD/GAP8_V2/GCC_RISCV_FREERTOS//gap_sdk/rtos/freeRTOS/vendors/gwt/pmsis/rtos/os/pmsis_task.o
                0x000000001c007d54                pi_cl_pi_task_wait
 .text.__os_native_kickoff
                0x000000001c007d7c       0x9a /module/wifi-img-streamer/BUILD/GAP8_V2/GCC_RISCV_FREERTOS//gap_sdk/rtos/freeRTOS/vendors/gwt/pmsis/backend/pmsis_backend_native_task_api.o
                0x000000001c007d7c                __os_native_kickoff
 .text.pi_time_wait_us
                0x000000001c007e16       0x94 /module/wifi-img-streamer/BUILD/GAP8_V2/GCC_RISCV_FREERTOS//gap_sdk/rtos/freeRTOS/vendors/gwt/pmsis/backend/pmsis_backend_native_task_api.o
                0x000000001c007e16                pi_time_wait_us
 .text.pi_task_delayed_increment_push
                0x000000001c007eaa       0x70 /module/wifi-img-streamer/BUILD/GAP8_V2/GCC_RISCV_FREERTOS//gap_sdk/rtos/freeRTOS/vendors/gwt/pmsis/backend/pmsis_backend_native_task_api.o
                0x000000001c007eaa                pi_task_delayed_increment_push
 .text.pxPortInitialiseStack
                0x000000001c007f1a       0x38 /module/wifi-img-streamer/BUILD/GAP8_V2/GCC_RISCV_FREERTOS//gap_sdk/rtos/freeRTOS/freertos_kernel/portable/GCC/RI5CY-GAP8/port.o
                0x000000001c007f1a                pxPortInitialiseStack
 .text.prvSetupTimerInterrupt
                0x000000001c007f52        0x8 /module/wifi-img-streamer/BUILD/GAP8_V2/GCC_RISCV_FREERTOS//gap_sdk/rtos/freeRTOS/freertos_kernel/portable/GCC/RI5CY-GAP8/port.o
                0x000000001c007f52                prvSetupTimerInterrupt
 .text.vPortEnter_Critical
                0x000000001c007f5a       0x14 /module/wifi-img-streamer/BUILD/GAP8_V2/GCC_RISCV_FREERTOS//gap_sdk/rtos/freeRTOS/freertos_kernel/portable/GCC/RI5CY-GAP8/port.o
                0x000000001c007f5a                vPortEnter_Critical
 .text.vPortExit_Critical
                0x000000001c007f6e       0x1c /module/wifi-img-streamer/BUILD/GAP8_V2/GCC_RISCV_FREERTOS//gap_sdk/rtos/freeRTOS/freertos_kernel/portable/GCC/RI5CY-GAP8/port.o
                0x000000001c007f6e                vPortExit_Critical
 .text.uPortSet_Interrupt_Mask_From_ISR
                0x000000001c007f8a        0x6 /module/wifi-img-streamer/BUILD/GAP8_V2/GCC_RISCV_FREERTOS//gap_sdk/rtos/freeRTOS/freertos_kernel/portable/GCC/RI5CY-GAP8/port.o
                0x000000001c007f8a                uPortSet_Interrupt_Mask_From_ISR
 .text.vPortClear_Interrupt_Mask_From_ISR
                0x000000001c007f90        0x6 /module/wifi-img-streamer/BUILD/GAP8_V2/GCC_RISCV_FREERTOS//gap_sdk/rtos/freeRTOS/freertos_kernel/portable/GCC/RI5CY-GAP8/port.o
                0x000000001c007f90                vPortClear_Interrupt_Mask_From_ISR
 .text._out_buffer
                0x000000001c007f96        0xa /module/wifi-img-streamer/BUILD/GAP8_V2/GCC_RISCV_FREERTOS//gap_sdk/rtos/freeRTOS/vendors/gwt/libs/printf/printf.o
 .text._out_null
                0x000000001c007fa0        0x2 /module/wifi-img-streamer/BUILD/GAP8_V2/GCC_RISCV_FREERTOS//gap_sdk/rtos/freeRTOS/vendors/gwt/libs/printf/printf.o
 .text._out_char
                0x000000001c007fa2        0x8 /module/wifi-img-streamer/BUILD/GAP8_V2/GCC_RISCV_FREERTOS//gap_sdk/rtos/freeRTOS/vendors/gwt/libs/printf/printf.o
 .text._ntoa_long
                0x000000001c007faa      0x34c /module/wifi-img-streamer/BUILD/GAP8_V2/GCC_RISCV_FREERTOS//gap_sdk/rtos/freeRTOS/vendors/gwt/libs/printf/printf.o
 .text._etoa    0x000000001c0082f6      0x68e /module/wifi-img-streamer/BUILD/GAP8_V2/GCC_RISCV_FREERTOS//gap_sdk/rtos/freeRTOS/vendors/gwt/libs/printf/printf.o
 .text._ftoa.part.1
                0x000000001c008984      0x53a /module/wifi-img-streamer/BUILD/GAP8_V2/GCC_RISCV_FREERTOS//gap_sdk/rtos/freeRTOS/vendors/gwt/libs/printf/printf.o
 .text._vsnprintf
                0x000000001c008ebe      0x7dc /module/wifi-img-streamer/BUILD/GAP8_V2/GCC_RISCV_FREERTOS//gap_sdk/rtos/freeRTOS/vendors/gwt/libs/printf/printf.o
 .text.printf_  0x000000001c00969a       0x32 /module/wifi-img-streamer/BUILD/GAP8_V2/GCC_RISCV_FREERTOS//gap_sdk/rtos/freeRTOS/vendors/gwt/libs/printf/printf.o
                0x000000001c00969a                printf_
 .text.vprintf_
                0x000000001c0096cc       0x1e /module/wifi-img-streamer/BUILD/GAP8_V2/GCC_RISCV_FREERTOS//gap_sdk/rtos/freeRTOS/vendors/gwt/libs/printf/printf.o
                0x000000001c0096cc                vprintf_
 .text.vsnprintf_
                0x000000001c0096ea       0x14 /module/wifi-img-streamer/BUILD/GAP8_V2/GCC_RISCV_FREERTOS//gap_sdk/rtos/freeRTOS/vendors/gwt/libs/printf/printf.o
                0x000000001c0096ea                vsnprintf_
 .text.vListInitialise
                0x000000001c0096fe       0x14 /module/wifi-img-streamer/BUILD/GAP8_V2/GCC_RISCV_FREERTOS//gap_sdk/rtos/freeRTOS/freertos_kernel/list.o
                0x000000001c0096fe                vListInitialise
 .text.vListInitialiseItem
                0x000000001c009712        0x6 /module/wifi-img-streamer/BUILD/GAP8_V2/GCC_RISCV_FREERTOS//gap_sdk/rtos/freeRTOS/freertos_kernel/list.o
                0x000000001c009712                vListInitialiseItem
 .text.vListInsertEnd
                0x000000001c009718       0x18 /module/wifi-img-streamer/BUILD/GAP8_V2/GCC_RISCV_FREERTOS//gap_sdk/rtos/freeRTOS/freertos_kernel/list.o
                0x000000001c009718                vListInsertEnd
 .text.vListInsert
                0x000000001c009730       0x2e /module/wifi-img-streamer/BUILD/GAP8_V2/GCC_RISCV_FREERTOS//gap_sdk/rtos/freeRTOS/freertos_kernel/list.o
                0x000000001c009730                vListInsert
 .text.uxListRemove
                0x000000001c00975e       0x22 /module/wifi-img-streamer/BUILD/GAP8_V2/GCC_RISCV_FREERTOS//gap_sdk/rtos/freeRTOS/freertos_kernel/list.o
                0x000000001c00975e                uxListRemove
 .text.xQueueGenericCreateStatic
                0x000000001c009780       0x6e /module/wifi-img-streamer/BUILD/GAP8_V2/GCC_RISCV_FREERTOS//gap_sdk/rtos/freeRTOS/freertos_kernel/queue.o
                0x000000001c009780                xQueueGenericCreateStatic
 .text.xQueueGenericCreate
                0x000000001c0097ee       0x80 /module/wifi-img-streamer/BUILD/GAP8_V2/GCC_RISCV_FREERTOS//gap_sdk/rtos/freeRTOS/freertos_kernel/queue.o
                0x000000001c0097ee                xQueueGenericCreate
 .text.xQueueGenericSend
                0x000000001c00986e      0x35e /module/wifi-img-streamer/BUILD/GAP8_V2/GCC_RISCV_FREERTOS//gap_sdk/rtos/freeRTOS/freertos_kernel/queue.o
                0x000000001c00986e                xQueueGenericSend
 .text.xQueueCreateMutex
                0x000000001c009bcc       0x80 /module/wifi-img-streamer/BUILD/GAP8_V2/GCC_RISCV_FREERTOS//gap_sdk/rtos/freeRTOS/freertos_kernel/queue.o
                0x000000001c009bcc                xQueueCreateMutex
 .text.xQueueGenericSendFromISR
                0x000000001c009c4c      0x108 /module/wifi-img-streamer/BUILD/GAP8_V2/GCC_RISCV_FREERTOS//gap_sdk/rtos/freeRTOS/freertos_kernel/queue.o
                0x000000001c009c4c                xQueueGenericSendFromISR
 .text.xQueueReceive
                0x000000001c009d54      0x2b6 /module/wifi-img-streamer/BUILD/GAP8_V2/GCC_RISCV_FREERTOS//gap_sdk/rtos/freeRTOS/freertos_kernel/queue.o
                0x000000001c009d54                xQueueReceive
 .text.uxQueueMessagesWaiting
                0x000000001c00a00a       0x1c /module/wifi-img-streamer/BUILD/GAP8_V2/GCC_RISCV_FREERTOS//gap_sdk/rtos/freeRTOS/freertos_kernel/queue.o
                0x000000001c00a00a                uxQueueMessagesWaiting
 .text.vQueueAddToRegistry
                0x000000001c00a026       0x58 /module/wifi-img-streamer/BUILD/GAP8_V2/GCC_RISCV_FREERTOS//gap_sdk/rtos/freeRTOS/freertos_kernel/queue.o
                0x000000001c00a026                vQueueAddToRegistry
 .text.vQueueWaitForMessageRestricted
                0x000000001c00a07e       0xea /module/wifi-img-streamer/BUILD/GAP8_V2/GCC_RISCV_FREERTOS//gap_sdk/rtos/freeRTOS/freertos_kernel/queue.o
                0x000000001c00a07e                vQueueWaitForMessageRestricted
 .text.prvAddNewTaskToReadyList
                0x000000001c00a168      0x15c /module/wifi-img-streamer/BUILD/GAP8_V2/GCC_RISCV_FREERTOS//gap_sdk/rtos/freeRTOS/freertos_kernel/tasks.o
 .text.prvIdleTask
                0x000000001c00a2c4       0x90 /module/wifi-img-streamer/BUILD/GAP8_V2/GCC_RISCV_FREERTOS//gap_sdk/rtos/freeRTOS/freertos_kernel/tasks.o
 .text.xTaskIncrementTick.part.6
                0x000000001c00a354      0x168 /module/wifi-img-streamer/BUILD/GAP8_V2/GCC_RISCV_FREERTOS//gap_sdk/rtos/freeRTOS/freertos_kernel/tasks.o
 .text.xTaskCreateStatic
                0x000000001c00a4bc      0x17e /module/wifi-img-streamer/BUILD/GAP8_V2/GCC_RISCV_FREERTOS//gap_sdk/rtos/freeRTOS/freertos_kernel/tasks.o
                0x000000001c00a4bc                xTaskCreateStatic
 .text.xTaskCreate
                0x000000001c00a63a      0x1a2 /module/wifi-img-streamer/BUILD/GAP8_V2/GCC_RISCV_FREERTOS//gap_sdk/rtos/freeRTOS/freertos_kernel/tasks.o
                0x000000001c00a63a                xTaskCreate
 .text.vTaskStartScheduler
                0x000000001c00a7dc       0xec /module/wifi-img-streamer/BUILD/GAP8_V2/GCC_RISCV_FREERTOS//gap_sdk/rtos/freeRTOS/freertos_kernel/tasks.o
                0x000000001c00a7dc                vTaskStartScheduler
 .text.vTaskSuspendAll
                0x000000001c00a8c8       0x10 /module/wifi-img-streamer/BUILD/GAP8_V2/GCC_RISCV_FREERTOS//gap_sdk/rtos/freeRTOS/freertos_kernel/tasks.o
                0x000000001c00a8c8                vTaskSuspendAll
 .text.xTaskResumeAll
                0x000000001c00a8d8      0x13e /module/wifi-img-streamer/BUILD/GAP8_V2/GCC_RISCV_FREERTOS//gap_sdk/rtos/freeRTOS/freertos_kernel/tasks.o
                0x000000001c00a8d8                xTaskResumeAll
 .text.vTaskDelay
                0x000000001c00aa16       0x9c /module/wifi-img-streamer/BUILD/GAP8_V2/GCC_RISCV_FREERTOS//gap_sdk/rtos/freeRTOS/freertos_kernel/tasks.o
                0x000000001c00aa16                vTaskDelay
 .text.xTaskGetTickCount
                0x000000001c00aab2        0xa /module/wifi-img-streamer/BUILD/GAP8_V2/GCC_RISCV_FREERTOS//gap_sdk/rtos/freeRTOS/freertos_kernel/tasks.o
                0x000000001c00aab2                xTaskGetTickCount
 .text.xTaskIncrementTick
                0x000000001c00aabc       0x20 /module/wifi-img-streamer/BUILD/GAP8_V2/GCC_RISCV_FREERTOS//gap_sdk/rtos/freeRTOS/freertos_kernel/tasks.o
                0x000000001c00aabc                xTaskIncrementTick
 .text.vTaskSwitchContext
                0x000000001c00aadc       0xb2 /module/wifi-img-streamer/BUILD/GAP8_V2/GCC_RISCV_FREERTOS//gap_sdk/rtos/freeRTOS/freertos_kernel/tasks.o
                0x000000001c00aadc                vTaskSwitchContext
 .text.vTaskPlaceOnEventList
                0x000000001c00ab8e       0x9c /module/wifi-img-streamer/BUILD/GAP8_V2/GCC_RISCV_FREERTOS//gap_sdk/rtos/freeRTOS/freertos_kernel/tasks.o
                0x000000001c00ab8e                vTaskPlaceOnEventList
 .text.vTaskPlaceOnUnorderedEventList
                0x000000001c00ac2a       0xac /module/wifi-img-streamer/BUILD/GAP8_V2/GCC_RISCV_FREERTOS//gap_sdk/rtos/freeRTOS/freertos_kernel/tasks.o
                0x000000001c00ac2a                vTaskPlaceOnUnorderedEventList
 .text.vTaskPlaceOnEventListRestricted
                0x000000001c00acd6       0xaa /module/wifi-img-streamer/BUILD/GAP8_V2/GCC_RISCV_FREERTOS//gap_sdk/rtos/freeRTOS/freertos_kernel/tasks.o
                0x000000001c00acd6                vTaskPlaceOnEventListRestricted
 .text.xTaskRemoveFromEventList
                0x000000001c00ad80       0x8e /module/wifi-img-streamer/BUILD/GAP8_V2/GCC_RISCV_FREERTOS//gap_sdk/rtos/freeRTOS/freertos_kernel/tasks.o
                0x000000001c00ad80                xTaskRemoveFromEventList
 .text.vTaskRemoveFromUnorderedEventList
                0x000000001c00ae0e       0x74 /module/wifi-img-streamer/BUILD/GAP8_V2/GCC_RISCV_FREERTOS//gap_sdk/rtos/freeRTOS/freertos_kernel/tasks.o
                0x000000001c00ae0e                vTaskRemoveFromUnorderedEventList
 .text.vTaskInternalSetTimeOutState
                0x000000001c00ae82       0x16 /module/wifi-img-streamer/BUILD/GAP8_V2/GCC_RISCV_FREERTOS//gap_sdk/rtos/freeRTOS/freertos_kernel/tasks.o
                0x000000001c00ae82                vTaskInternalSetTimeOutState
 .text.xTaskCheckForTimeOut
                0x000000001c00ae98       0x84 /module/wifi-img-streamer/BUILD/GAP8_V2/GCC_RISCV_FREERTOS//gap_sdk/rtos/freeRTOS/freertos_kernel/tasks.o
                0x000000001c00ae98                xTaskCheckForTimeOut
 .text.vTaskMissedYield
                0x000000001c00af1c        0xc /module/wifi-img-streamer/BUILD/GAP8_V2/GCC_RISCV_FREERTOS//gap_sdk/rtos/freeRTOS/freertos_kernel/tasks.o
                0x000000001c00af1c                vTaskMissedYield
 .text.xTaskGetCurrentTaskHandle
                0x000000001c00af28        0xa /module/wifi-img-streamer/BUILD/GAP8_V2/GCC_RISCV_FREERTOS//gap_sdk/rtos/freeRTOS/freertos_kernel/tasks.o
                0x000000001c00af28                xTaskGetCurrentTaskHandle
 .text.xTaskGetSchedulerState
                0x000000001c00af32       0x1c /module/wifi-img-streamer/BUILD/GAP8_V2/GCC_RISCV_FREERTOS//gap_sdk/rtos/freeRTOS/freertos_kernel/tasks.o
                0x000000001c00af32                xTaskGetSchedulerState
 .text.xTaskPriorityDisinherit
                0x000000001c00af4e       0x70 /module/wifi-img-streamer/BUILD/GAP8_V2/GCC_RISCV_FREERTOS//gap_sdk/rtos/freeRTOS/freertos_kernel/tasks.o
                0x000000001c00af4e                xTaskPriorityDisinherit
 .text.uxTaskResetEventItemValue
                0x000000001c00afbe       0x1a /module/wifi-img-streamer/BUILD/GAP8_V2/GCC_RISCV_FREERTOS//gap_sdk/rtos/freeRTOS/freertos_kernel/tasks.o
                0x000000001c00afbe                uxTaskResetEventItemValue
 .text.ulTaskGenericNotifyTake
                0x000000001c00afd8       0xf8 /module/wifi-img-streamer/BUILD/GAP8_V2/GCC_RISCV_FREERTOS//gap_sdk/rtos/freeRTOS/freertos_kernel/tasks.o
                0x000000001c00afd8                ulTaskGenericNotifyTake
 .text.vTaskGenericNotifyGiveFromISR
                0x000000001c00b0d0       0xc0 /module/wifi-img-streamer/BUILD/GAP8_V2/GCC_RISCV_FREERTOS//gap_sdk/rtos/freeRTOS/freertos_kernel/tasks.o
                0x000000001c00b0d0                vTaskGenericNotifyGiveFromISR
 .text.prvTimerTask
                0x000000001c00b190      0x35e /module/wifi-img-streamer/BUILD/GAP8_V2/GCC_RISCV_FREERTOS//gap_sdk/rtos/freeRTOS/freertos_kernel/timers.o
 .text.xTimerCreateTimerTask
                0x000000001c00b4ee       0xc2 /module/wifi-img-streamer/BUILD/GAP8_V2/GCC_RISCV_FREERTOS//gap_sdk/rtos/freeRTOS/freertos_kernel/timers.o
                0x000000001c00b4ee                xTimerCreateTimerTask
 .text.xTimerPendFunctionCallFromISR
                0x000000001c00b5b0       0x28 /module/wifi-img-streamer/BUILD/GAP8_V2/GCC_RISCV_FREERTOS//gap_sdk/rtos/freeRTOS/freertos_kernel/timers.o
                0x000000001c00b5b0                xTimerPendFunctionCallFromISR
 .text.xEventGroupCreate
                0x000000001c00b5d8       0x26 /module/wifi-img-streamer/BUILD/GAP8_V2/GCC_RISCV_FREERTOS//gap_sdk/rtos/freeRTOS/freertos_kernel/event_groups.o
                0x000000001c00b5d8                xEventGroupCreate
 .text.xEventGroupWaitBits
                0x000000001c00b5fe       0xdc /module/wifi-img-streamer/BUILD/GAP8_V2/GCC_RISCV_FREERTOS//gap_sdk/rtos/freeRTOS/freertos_kernel/event_groups.o
                0x000000001c00b5fe                xEventGroupWaitBits
 .text.xEventGroupSetBits
                0x000000001c00b6da       0x9a /module/wifi-img-streamer/BUILD/GAP8_V2/GCC_RISCV_FREERTOS//gap_sdk/rtos/freeRTOS/freertos_kernel/event_groups.o
                0x000000001c00b6da                xEventGroupSetBits
 .text.vEventGroupSetBitsCallback
                0x000000001c00b774       0x96 /module/wifi-img-streamer/BUILD/GAP8_V2/GCC_RISCV_FREERTOS//gap_sdk/rtos/freeRTOS/freertos_kernel/event_groups.o
                0x000000001c00b774                vEventGroupSetBitsCallback
 .text.vApplicationIdleHook
                0x000000001c00b80a       0x16 /module/wifi-img-streamer/BUILD/GAP8_V2/GCC_RISCV_FREERTOS//gap_sdk/rtos/freeRTOS/demos/gwt/config/gap8/FreeRTOS_util.o
                0x000000001c00b80a                vApplicationIdleHook
 .text.vApplicationGetIdleTaskMemory
                0x000000001c00b820       0x18 /module/wifi-img-streamer/BUILD/GAP8_V2/GCC_RISCV_FREERTOS//gap_sdk/rtos/freeRTOS/demos/gwt/config/gap8/FreeRTOS_util.o
                0x000000001c00b820                vApplicationGetIdleTaskMemory
 .text.vApplicationGetTimerTaskMemory
                0x000000001c00b838       0x1c /module/wifi-img-streamer/BUILD/GAP8_V2/GCC_RISCV_FREERTOS//gap_sdk/rtos/freeRTOS/demos/gwt/config/gap8/FreeRTOS_util.o
                0x000000001c00b838                vApplicationGetTimerTaskMemory
                0x000000001c00b854                . = ALIGN (0x4)
 *fill*         0x000000001c00b854        0x0 
                0x000000001c00b854                __cluster_text_start = .
 *(.cluster.text)
 *(.cluster.text.*)
                0x000000001c00b854                __cluster_text_end = .
                0x000000001c00b854                _etext = .
 *(.lit)
 *(.shdata)
                0x000000001c00b854                _endtext = .

.ctors          0x000000001c00b854        0x0
                0x000000001c00b854                . = ALIGN (0x4)
                0x000000001c00b854                __CTOR_LIST__ = .
 *crtbegin.o(.ctors)
 *crtbegin?.o(.ctors)
 *(EXCLUDE_FILE(*crtend.o *crtend?.o) .ctors)
 *(SORT(.ctors.*))
 *(.ctors)
                0x000000001c00b854                __CTOR_END__ = .

.dtors          0x000000001c00b854        0x0
                0x000000001c00b854                . = ALIGN (0x4)
                0x000000001c00b854                __DTOR_LIST__ = .
 *crtbegin.o(.dtors)
 *crtbegin?.o(.dtors)
 *(EXCLUDE_FILE(*crtend.o *crtend?.o) .dtors)
 *(SORT(.dtors.*))
 *(.dtors)
                0x000000001c00b854                __DTOR_END__ = .

.preinit_array  0x000000001c00b854        0x0
                [!provide]                        PROVIDE (__preinit_array_start, .)
 *(.preinit_array*)
                [!provide]                        PROVIDE (__preinit_array_end, .)

.init_array     0x000000001c00b854        0x0
                [!provide]                        PROVIDE (__init_array_start, .)
 *(SORT(.init_array.*))
 *(.init_array*)
                [!provide]                        PROVIDE (__init_array_end, .)

.fini_array     0x000000001c00b854        0x0
                [!provide]                        PROVIDE (__fini_array_start, .)
 *(SORT(.fini_array.*))
 *(.fini_array*)
                [!provide]                        PROVIDE (__fini_array_end, .)

.rodata         0x000000001c00b858      0x740
                0x000000001c00b858                . = ALIGN (0x4)
 *(.rodata)
 .rodata        0x000000001c00b858       0x3c /usr/lib/gap_riscv_toolchain/bin/../lib/gcc/riscv32-unknown-elf/7.1.1/rv32imcxgap8/ilp32/libgcc.a(divdf3.o)
 .rodata        0x000000001c00b894       0x3c /usr/lib/gap_riscv_toolchain/bin/../lib/gcc/riscv32-unknown-elf/7.1.1/rv32imcxgap8/ilp32/libgcc.a(muldf3.o)
 *(.rodata.*)
 .rodata.task_camera.cst4
                0x000000001c00b8d0        0x4 /module/wifi-img-streamer/BUILD/GAP8_V2/GCC_RISCV_FREERTOS/wifi-img-streamer.o
 .rodata.task_camera.str1.4
                0x000000001c00b8d4      0x173 /module/wifi-img-streamer/BUILD/GAP8_V2/GCC_RISCV_FREERTOS/wifi-img-streamer.o
 *fill*         0x000000001c00ba47        0x1 
 .rodata.task_main.str1.4
                0x000000001c00ba48       0xda /module/wifi-img-streamer/BUILD/GAP8_V2/GCC_RISCV_FREERTOS/wifi-img-streamer.o
 *fill*         0x000000001c00bb22        0x2 
 .rodata.com_init.str1.4
                0x000000001c00bb24       0x35 /module/wifi-img-streamer/BUILD/GAP8_V2/GCC_RISCV_FREERTOS/../lib/cpx/src/com.o
 *fill*         0x000000001c00bb59        0x3 
 .rodata.cpxInit.str1.4
                0x000000001c00bb5c       0x2a /module/wifi-img-streamer/BUILD/GAP8_V2/GCC_RISCV_FREERTOS/../lib/cpx/src/cpx.o
 *fill*         0x000000001c00bb86        0x2 
 .rodata.cpx_rx_task.str1.4
                0x000000001c00bb88       0x20 /module/wifi-img-streamer/BUILD/GAP8_V2/GCC_RISCV_FREERTOS/../lib/cpx/src/cpx.o
 .rodata.__func__.10744
                0x000000001c00bba8        0xd /module/wifi-img-streamer/BUILD/GAP8_V2/GCC_RISCV_FREERTOS//gap_sdk/rtos/freeRTOS/vendors/gwt/gap8/src/device/gap8_it.o
 *fill*         0x000000001c00bbb5        0x3 
 .rodata.__func__.10748
                0x000000001c00bbb8       0x10 /module/wifi-img-streamer/BUILD/GAP8_V2/GCC_RISCV_FREERTOS//gap_sdk/rtos/freeRTOS/vendors/gwt/gap8/src/device/gap8_it.o
 .rodata._ill_insn_print.str1.4
                0x000000001c00bbc8       0x3f /module/wifi-img-streamer/BUILD/GAP8_V2/GCC_RISCV_FREERTOS//gap_sdk/rtos/freeRTOS/vendors/gwt/gap8/src/device/gap8_it.o
 *fill*         0x000000001c00bc07        0x1 
 .rodata._isr_default.str1.4
                0x000000001c00bc08       0x3e /module/wifi-img-streamer/BUILD/GAP8_V2/GCC_RISCV_FREERTOS//gap_sdk/rtos/freeRTOS/vendors/gwt/gap8/src/device/gap8_it.o
 *fill*         0x000000001c00bc46        0x2 
 .rodata.__pi_i2c_open.cst4
                0x000000001c00bc48        0x4 /module/wifi-img-streamer/BUILD/GAP8_V2/GCC_RISCV_FREERTOS//gap_sdk/rtos/freeRTOS/vendors/gwt/gap8/pmsis/drivers/udma/i2c/i2c_internal.o
 .rodata.__func__.10989
                0x000000001c00bc4c        0xe /module/wifi-img-streamer/BUILD/GAP8_V2/GCC_RISCV_FREERTOS//gap_sdk/rtos/freeRTOS/vendors/gwt/gap8/pmsis/drivers/udma/spi/spi_internal.o
 *fill*         0x000000001c00bc5a        0x2 
 .rodata.__pi_spi_open.str1.4
                0x000000001c00bc5c       0x61 /module/wifi-img-streamer/BUILD/GAP8_V2/GCC_RISCV_FREERTOS//gap_sdk/rtos/freeRTOS/vendors/gwt/gap8/pmsis/drivers/udma/spi/spi_internal.o
 *fill*         0x000000001c00bcbd        0x3 
 .rodata.__himax_open.str1.4
                0x000000001c00bcc0       0x32 /module/wifi-img-streamer/BUILD/GAP8_V2/GCC_RISCV_FREERTOS//gap_sdk/rtos/pmsis/pmsis_bsp/camera/himax/himax.o
 *fill*         0x000000001c00bcf2        0x2 
 .rodata.__himax_reg_init
                0x000000001c00bcf4      0x11c /module/wifi-img-streamer/BUILD/GAP8_V2/GCC_RISCV_FREERTOS//gap_sdk/rtos/pmsis/pmsis_bsp/camera/himax/himax.o
 .rodata.pmsis_event_kernel_init.str1.4
                0x000000001c00be10       0x2a /module/wifi-img-streamer/BUILD/GAP8_V2/GCC_RISCV_FREERTOS//gap_sdk/rtos/freeRTOS/vendors/gwt/pmsis/rtos/event_kernel/event_kernel.o
 *fill*         0x000000001c00be3a        0x2 
 .rodata.pi_l2_malloc.str1.4
                0x000000001c00be3c        0xf /module/wifi-img-streamer/BUILD/GAP8_V2/GCC_RISCV_FREERTOS//gap_sdk/rtos/freeRTOS/vendors/gwt/pmsis/rtos/malloc/l2_malloc.o
 *fill*         0x000000001c00be4b        0x1 
 .rodata.__os_native_kickoff.str1.4
                0x000000001c00be4c       0x3c /module/wifi-img-streamer/BUILD/GAP8_V2/GCC_RISCV_FREERTOS//gap_sdk/rtos/freeRTOS/vendors/gwt/pmsis/backend/pmsis_backend_native_task_api.o
 .rodata._etoa.cst8
                0x000000001c00be88       0x90 /module/wifi-img-streamer/BUILD/GAP8_V2/GCC_RISCV_FREERTOS//gap_sdk/rtos/freeRTOS/vendors/gwt/libs/printf/printf.o
 .rodata._etoa.str1.4
                0x000000001c00bf18       0x15 /module/wifi-img-streamer/BUILD/GAP8_V2/GCC_RISCV_FREERTOS//gap_sdk/rtos/freeRTOS/vendors/gwt/libs/printf/printf.o
 *fill*         0x000000001c00bf2d        0x3 
 .rodata._ftoa.part.1.cst8
                0x000000001c00bf30        0x8 /module/wifi-img-streamer/BUILD/GAP8_V2/GCC_RISCV_FREERTOS//gap_sdk/rtos/freeRTOS/vendors/gwt/libs/printf/printf.o
 .rodata.pow10.1787
                0x000000001c00bf38       0x50 /module/wifi-img-streamer/BUILD/GAP8_V2/GCC_RISCV_FREERTOS//gap_sdk/rtos/freeRTOS/vendors/gwt/libs/printf/printf.o
 .rodata.xTimerCreateTimerTask.str1.4
                0x000000001c00bf88       0x10 /module/wifi-img-streamer/BUILD/GAP8_V2/GCC_RISCV_FREERTOS//gap_sdk/rtos/freeRTOS/freertos_kernel/timers.o
 *(.srodata)
 *(.srodata.*)
 *(.eh_frame*)

.rela.dyn       0x000000001c00bf98        0x0
 .rela.text.task_main
                0x000000001c00bf98        0x0 /module/wifi-img-streamer/BUILD/GAP8_V2/GCC_RISCV_FREERTOS/wifi-img-streamer.o
 .rela.text.task_camera
                0x000000001c00bf98        0x0 /module/wifi-img-streamer/BUILD/GAP8_V2/GCC_RISCV_FREERTOS/wifi-img-streamer.o
 .rela.text.startup.main
                0x000000001c00bf98        0x0 /module/wifi-img-streamer/BUILD/GAP8_V2/GCC_RISCV_FREERTOS/wifi-img-streamer.o
 .rela.text.vDataReadyISR
                0x000000001c00bf98        0x0 /module/wifi-img-streamer/BUILD/GAP8_V2/GCC_RISCV_FREERTOS/wifi-img-streamer.o
 .rela.text.com_task
                0x000000001c00bf98        0x0 /module/wifi-img-streamer/BUILD/GAP8_V2/GCC_RISCV_FREERTOS/wifi-img-streamer.o
 .rela.text.set_gap8_rtt_pin
                0x000000001c00bf98        0x0 /module/wifi-img-streamer/BUILD/GAP8_V2/GCC_RISCV_FREERTOS/wifi-img-streamer.o
 .rela.text.com_init
                0x000000001c00bf98        0x0 /module/wifi-img-streamer/BUILD/GAP8_V2/GCC_RISCV_FREERTOS/wifi-img-streamer.o
 .rela.text.com_read
                0x000000001c00bf98        0x0 /module/wifi-img-streamer/BUILD/GAP8_V2/GCC_RISCV_FREERTOS/wifi-img-streamer.o
 .rela.text.com_write
                0x000000001c00bf98        0x0 /module/wifi-img-streamer/BUILD/GAP8_V2/GCC_RISCV_FREERTOS/wifi-img-streamer.o
 .rela.text.cpx_rx_task
                0x000000001c00bf98        0x0 /module/wifi-img-streamer/BUILD/GAP8_V2/GCC_RISCV_FREERTOS/wifi-img-streamer.o
 .rela.text.cpxEnableFunction
                0x000000001c00bf98        0x0 /module/wifi-img-streamer/BUILD/GAP8_V2/GCC_RISCV_FREERTOS/wifi-img-streamer.o
 .rela.text.cpxReceivePacketBlocking
                0x000000001c00bf98        0x0 /module/wifi-img-streamer/BUILD/GAP8_V2/GCC_RISCV_FREERTOS/wifi-img-streamer.o
 .rela.text.cpxSendPacketBlocking
                0x000000001c00bf98        0x0 /module/wifi-img-streamer/BUILD/GAP8_V2/GCC_RISCV_FREERTOS/wifi-img-streamer.o
 .rela.text.cpxPrintToConsole
                0x000000001c00bf98        0x0 /module/wifi-img-streamer/BUILD/GAP8_V2/GCC_RISCV_FREERTOS/wifi-img-streamer.o
 .rela.text.cpxInit
                0x000000001c00bf98        0x0 /module/wifi-img-streamer/BUILD/GAP8_V2/GCC_RISCV_FREERTOS/wifi-img-streamer.o
 .rela.text.jpeg_encoder_process_async
                0x000000001c00bf98        0x0 /module/wifi-img-streamer/BUILD/GAP8_V2/GCC_RISCV_FREERTOS/wifi-img-streamer.o
 .rela.text.jpeg_encoder_process
                0x000000001c00bf98        0x0 /module/wifi-img-streamer/BUILD/GAP8_V2/GCC_RISCV_FREERTOS/wifi-img-streamer.o
 .rela.text.jpeg_encoder_start
                0x000000001c00bf98        0x0 /module/wifi-img-streamer/BUILD/GAP8_V2/GCC_RISCV_FREERTOS/wifi-img-streamer.o
 .rela.text.jpeg_encoder_stop
                0x000000001c00bf98        0x0 /module/wifi-img-streamer/BUILD/GAP8_V2/GCC_RISCV_FREERTOS/wifi-img-streamer.o
 .rela.text.AppendBytes_cl
                0x000000001c00bf98        0x0 /module/wifi-img-streamer/BUILD/GAP8_V2/GCC_RISCV_FREERTOS/wifi-img-streamer.o
 .rela.text.__jpeg_encoder_process_pe_entry
                0x000000001c00bf98        0x0 /module/wifi-img-streamer/BUILD/GAP8_V2/GCC_RISCV_FREERTOS/wifi-img-streamer.o
 .rela.text.__jpeg_encoder_process_cl_entry
                0x000000001c00bf98        0x0 /module/wifi-img-streamer/BUILD/GAP8_V2/GCC_RISCV_FREERTOS/wifi-img-streamer.o
 .rela.text.__jpeg_encoder_process_cl
                0x000000001c00bf98        0x0 /module/wifi-img-streamer/BUILD/GAP8_V2/GCC_RISCV_FREERTOS/wifi-img-streamer.o
 .rela.text.__jpeg_encoder_start_cl
                0x000000001c00bf98        0x0 /module/wifi-img-streamer/BUILD/GAP8_V2/GCC_RISCV_FREERTOS/wifi-img-streamer.o
 .rela.text.__jpeg_encoder_stop_cl
                0x000000001c00bf98        0x0 /module/wifi-img-streamer/BUILD/GAP8_V2/GCC_RISCV_FREERTOS/wifi-img-streamer.o
 .rela.text     0x000000001c00bf98        0x0 /module/wifi-img-streamer/BUILD/GAP8_V2/GCC_RISCV_FREERTOS/wifi-img-streamer.o
 .rela.text.reset
                0x000000001c00bf98        0x0 /module/wifi-img-streamer/BUILD/GAP8_V2/GCC_RISCV_FREERTOS/wifi-img-streamer.o
 .rela.vectors_irq
                0x000000001c00bf98        0x0 /module/wifi-img-streamer/BUILD/GAP8_V2/GCC_RISCV_FREERTOS/wifi-img-streamer.o
 .rela.text.system_init
                0x000000001c00bf98        0x0 /module/wifi-img-streamer/BUILD/GAP8_V2/GCC_RISCV_FREERTOS/wifi-img-streamer.o
 .rela.text.system_setup_systick
                0x000000001c00bf98        0x0 /module/wifi-img-streamer/BUILD/GAP8_V2/GCC_RISCV_FREERTOS/wifi-img-streamer.o
 .rela.text.system_core_clock_update
                0x000000001c00bf98        0x0 /module/wifi-img-streamer/BUILD/GAP8_V2/GCC_RISCV_FREERTOS/wifi-img-streamer.o
 .rela.text.system_usermode_entry
                0x000000001c00bf98        0x0 /module/wifi-img-streamer/BUILD/GAP8_V2/GCC_RISCV_FREERTOS/wifi-img-streamer.o
 .rela.text.system_exit
                0x000000001c00bf98        0x0 /module/wifi-img-streamer/BUILD/GAP8_V2/GCC_RISCV_FREERTOS/wifi-img-streamer.o
 .rela.text.pi_log_write.constprop.0
                0x000000001c00bf98        0x0 /module/wifi-img-streamer/BUILD/GAP8_V2/GCC_RISCV_FREERTOS/wifi-img-streamer.o
 .rela.text._isr_default
                0x000000001c00bf98        0x0 /module/wifi-img-streamer/BUILD/GAP8_V2/GCC_RISCV_FREERTOS/wifi-img-streamer.o
 .rela.text.uTaskCheckQuantum
                0x000000001c00bf98        0x0 /module/wifi-img-streamer/BUILD/GAP8_V2/GCC_RISCV_FREERTOS/wifi-img-streamer.o
 .rela.text._ill_insn_print
                0x000000001c00bf98        0x0 /module/wifi-img-streamer/BUILD/GAP8_V2/GCC_RISCV_FREERTOS/wifi-img-streamer.o
 .rela.text.__uart_putc_cluster_req
                0x000000001c00bf98        0x0 /module/wifi-img-streamer/BUILD/GAP8_V2/GCC_RISCV_FREERTOS/wifi-img-streamer.o
 .rela.text.printf_uart_init
                0x000000001c00bf98        0x0 /module/wifi-img-streamer/BUILD/GAP8_V2/GCC_RISCV_FREERTOS/wifi-img-streamer.o
 .rela.text.__io_lock
                0x000000001c00bf98        0x0 /module/wifi-img-streamer/BUILD/GAP8_V2/GCC_RISCV_FREERTOS/wifi-img-streamer.o
 .rela.text.__io_unlock
                0x000000001c00bf98        0x0 /module/wifi-img-streamer/BUILD/GAP8_V2/GCC_RISCV_FREERTOS/wifi-img-streamer.o
 .rela.text._putchar
                0x000000001c00bf98        0x0 /module/wifi-img-streamer/BUILD/GAP8_V2/GCC_RISCV_FREERTOS/wifi-img-streamer.o
 .rela.text.puts
                0x000000001c00bf98        0x0 /module/wifi-img-streamer/BUILD/GAP8_V2/GCC_RISCV_FREERTOS/wifi-img-streamer.o
 .rela.text.system_exit_printf_flush
                0x000000001c00bf98        0x0 /module/wifi-img-streamer/BUILD/GAP8_V2/GCC_RISCV_FREERTOS/wifi-img-streamer.o
 .rela.sdata.g_lock
                0x000000001c00bf98        0x0 /module/wifi-img-streamer/BUILD/GAP8_V2/GCC_RISCV_FREERTOS/wifi-img-streamer.o
 .rela.sdata.g_unlock
                0x000000001c00bf98        0x0 /module/wifi-img-streamer/BUILD/GAP8_V2/GCC_RISCV_FREERTOS/wifi-img-streamer.o
 .rela.text.__pi_cl_delegate_l2_alloc
                0x000000001c00bf98        0x0 /module/wifi-img-streamer/BUILD/GAP8_V2/GCC_RISCV_FREERTOS/wifi-img-streamer.o
 .rela.text.__pi_cl_delegate_l2_free
                0x000000001c00bf98        0x0 /module/wifi-img-streamer/BUILD/GAP8_V2/GCC_RISCV_FREERTOS/wifi-img-streamer.o
 .rela.text.pi_cl_l2_malloc
                0x000000001c00bf98        0x0 /module/wifi-img-streamer/BUILD/GAP8_V2/GCC_RISCV_FREERTOS/wifi-img-streamer.o
 .rela.text.pi_cl_l2_free
                0x000000001c00bf98        0x0 /module/wifi-img-streamer/BUILD/GAP8_V2/GCC_RISCV_FREERTOS/wifi-img-streamer.o
 .rela.text.cl_notify_fc_event_handler
                0x000000001c00bf98        0x0 /module/wifi-img-streamer/BUILD/GAP8_V2/GCC_RISCV_FREERTOS/wifi-img-streamer.o
 .rela.text.pi_cl_send_task_to_fc
                0x000000001c00bf98        0x0 /module/wifi-img-streamer/BUILD/GAP8_V2/GCC_RISCV_FREERTOS/wifi-img-streamer.o
 .rela.text.__os_native_api_mutex_lock
                0x000000001c00bf98        0x0 /module/wifi-img-streamer/BUILD/GAP8_V2/GCC_RISCV_FREERTOS/wifi-img-streamer.o
 .rela.text.__os_native_api_mutex_release
                0x000000001c00bf98        0x0 /module/wifi-img-streamer/BUILD/GAP8_V2/GCC_RISCV_FREERTOS/wifi-img-streamer.o
 .rela.text.pi_cluster_open_async
                0x000000001c00bf98        0x0 /module/wifi-img-streamer/BUILD/GAP8_V2/GCC_RISCV_FREERTOS/wifi-img-streamer.o
 .rela.text.pi_cluster_close
                0x000000001c00bf98        0x0 /module/wifi-img-streamer/BUILD/GAP8_V2/GCC_RISCV_FREERTOS/wifi-img-streamer.o
 .rela.text.pi_cluster_open
                0x000000001c00bf98        0x0 /module/wifi-img-streamer/BUILD/GAP8_V2/GCC_RISCV_FREERTOS/wifi-img-streamer.o
 .rela.text.cl_task_finish
                0x000000001c00bf98        0x0 /module/wifi-img-streamer/BUILD/GAP8_V2/GCC_RISCV_FREERTOS/wifi-img-streamer.o
 .rela.text.pi_cluster_send_task_to_cl
                0x000000001c00bf98        0x0 /module/wifi-img-streamer/BUILD/GAP8_V2/GCC_RISCV_FREERTOS/wifi-img-streamer.o
 .rela.text.pi_cluster_send_task_to_cl_async
                0x000000001c00bf98        0x0 /module/wifi-img-streamer/BUILD/GAP8_V2/GCC_RISCV_FREERTOS/wifi-img-streamer.o
 .rela.text.__pi_cl_delegate_hyper_alloc
                0x000000001c00bf98        0x0 /module/wifi-img-streamer/BUILD/GAP8_V2/GCC_RISCV_FREERTOS/wifi-img-streamer.o
 .rela.text.__pi_cl_delegate_hyper_free
                0x000000001c00bf98        0x0 /module/wifi-img-streamer/BUILD/GAP8_V2/GCC_RISCV_FREERTOS/wifi-img-streamer.o
 .rela.text.__pi_cl_delegate_hyper_copy
                0x000000001c00bf98        0x0 /module/wifi-img-streamer/BUILD/GAP8_V2/GCC_RISCV_FREERTOS/wifi-img-streamer.o
 .rela.text.__pi_cl_hyper_copy_task_done
                0x000000001c00bf98        0x0 /module/wifi-img-streamer/BUILD/GAP8_V2/GCC_RISCV_FREERTOS/wifi-img-streamer.o
 .rela.text.__pi_cl_hyper_copy
                0x000000001c00bf98        0x0 /module/wifi-img-streamer/BUILD/GAP8_V2/GCC_RISCV_FREERTOS/wifi-img-streamer.o
 .rela.text.__pi_cl_hyper_copy_2d
                0x000000001c00bf98        0x0 /module/wifi-img-streamer/BUILD/GAP8_V2/GCC_RISCV_FREERTOS/wifi-img-streamer.o
 .rela.text.pi_cl_hyperram_alloc
                0x000000001c00bf98        0x0 /module/wifi-img-streamer/BUILD/GAP8_V2/GCC_RISCV_FREERTOS/wifi-img-streamer.o
 .rela.text.pi_cl_hyperram_free